[    0.000000] Initializing cgroup subsys cpuset
[    0.000000] Initializing cgroup subsys cpu
[    0.000000] Initializing cgroup subsys cpuacct
[    0.000000] Linux version 4.4.0-176-generic (buildd@lgw01-amd64-035) (gcc version 5.4.0 20160609 (Ubuntu 5.4.0-6ubuntu1~16.04.12) ) #206-Ubuntu SMP Fri Feb 28 05:02:04 UTC 2020 (Ubuntu 4.4.0-176.206-generic 4.4.211)
[    0.000000] Command line: BOOT_IMAGE=/boot/vmlinuz-4.4.0-176-generic root=LABEL=cloudimg-rootfs ro console=tty1 console=ttyS0
[    0.000000] KERNEL supported cpus:
[    0.000000]   Intel GenuineIntel
[    0.000000]   AMD AuthenticAMD
[    0.000000]   Centaur CentaurHauls
[    0.000000] x86/fpu: xstate_offset[2]:  576, xstate_sizes[2]:  256
[    0.000000] x86/fpu: Supporting XSAVE feature 0x01: 'x87 floating point registers'
[    0.000000] x86/fpu: Supporting XSAVE feature 0x02: 'SSE registers'
[    0.000000] x86/fpu: Supporting XSAVE feature 0x04: 'AVX registers'
[    0.000000] x86/fpu: Enabled xstate features 0x7, context size is 832 bytes, using 'standard' format.
[    0.000000] e820: BIOS-provided physical RAM map:
[    0.000000] BIOS-e820: [mem 0x0000000000000000-0x000000000009fbff] usable
[    0.000000] BIOS-e820: [mem 0x000000000009fc00-0x000000000009ffff] reserved
[    0.000000] BIOS-e820: [mem 0x00000000000f0000-0x00000000000fffff] reserved
[    0.000000] BIOS-e820: [mem 0x0000000000100000-0x000000003ffeffff] usable
[    0.000000] BIOS-e820: [mem 0x000000003fff0000-0x000000003fffffff] ACPI data
[    0.000000] BIOS-e820: [mem 0x00000000fec00000-0x00000000fec00fff] reserved
[    0.000000] BIOS-e820: [mem 0x00000000fee00000-0x00000000fee00fff] reserved
[    0.000000] BIOS-e820: [mem 0x00000000fffc0000-0x00000000ffffffff] reserved
[    0.000000] NX (Execute Disable) protection: active
[    0.000000] SMBIOS 2.5 present.
[    0.000000] Hypervisor detected: KVM
[    0.000000] e820: last_pfn = 0x3fff0 max_arch_pfn = 0x400000000
[    0.000000] MTRR: Disabled
[    0.000000] x86/PAT: MTRRs disabled, skipping PAT initialization too.
[    0.000000] CPU MTRRs all blank - virtualized system.
[    0.000000] x86/PAT: Configuration [0-7]: WB  WT  UC- UC  WB  WT  UC- UC  
[    0.000000] found SMP MP-table at [mem 0x0009fff0-0x0009ffff] mapped at [ffff88000009fff0]
[    0.000000] Scanning 1 areas for low memory corruption
[    0.000000] RAMDISK: [mem 0x362e0000-0x37167fff]
[    0.000000] ACPI: Early table checksum verification disabled
[    0.000000] ACPI: RSDP 0x00000000000E0000 000024 (v02 VBOX  )
[    0.000000] ACPI: XSDT 0x000000003FFF0030 00003C (v01 VBOX   VBOXXSDT 00000001 ASL  00000061)
[    0.000000] ACPI: FACP 0x000000003FFF00F0 0000F4 (v04 VBOX   VBOXFACP 00000001 ASL  00000061)
[    0.000000] ACPI: DSDT 0x000000003FFF0470 002325 (v02 VBOX   VBOXBIOS 00000002 INTL 20100528)
[    0.000000] ACPI: FACS 0x000000003FFF0200 000040
[    0.000000] ACPI: FACS 0x000000003FFF0200 000040
[    0.000000] ACPI: APIC 0x000000003FFF0240 00005C (v02 VBOX   VBOXAPIC 00000001 ASL  00000061)
[    0.000000] ACPI: SSDT 0x000000003FFF02A0 0001CC (v01 VBOX   VBOXCPUT 00000002 INTL 20100528)
[    0.000000] No NUMA configuration found
[    0.000000] Faking a node at [mem 0x0000000000000000-0x000000003ffeffff]
[    0.000000] NODE_DATA(0) allocated [mem 0x3ffeb000-0x3ffeffff]
[    0.000000] kvm-clock: Using msrs 4b564d01 and 4b564d00
[    0.000000] kvm-clock: cpu 0, msr 0:3ffe3001, primary cpu clock
[    0.000000] kvm-clock: using sched offset of 5956504846 cycles
[    0.000000] clocksource: kvm-clock: mask: 0xffffffffffffffff max_cycles: 0x1cd42e4dffb, max_idle_ns: 881590591483 ns
[    0.000000] Zone ranges:
[    0.000000]   DMA      [mem 0x0000000000001000-0x0000000000ffffff]
[    0.000000]   DMA32    [mem 0x0000000001000000-0x000000003ffeffff]
[    0.000000]   Normal   empty
[    0.000000]   Device   empty
[    0.000000] Movable zone start for each node
[    0.000000] Early memory node ranges
[    0.000000]   node   0: [mem 0x0000000000001000-0x000000000009efff]
[    0.000000]   node   0: [mem 0x0000000000100000-0x000000003ffeffff]
[    0.000000] Initmem setup node 0 [mem 0x0000000000001000-0x000000003ffeffff]
[    0.000000] ACPI: PM-Timer IO Port: 0x4008
[    0.000000] IOAPIC[0]: apic_id 2, version 32, address 0xfec00000, GSI 0-23
[    0.000000] ACPI: INT_SRC_OVR (bus 0 bus_irq 0 global_irq 2 dfl dfl)
[    0.000000] ACPI: INT_SRC_OVR (bus 0 bus_irq 9 global_irq 9 low level)
[    0.000000] Using ACPI (MADT) for SMP configuration information
[    0.000000] smpboot: Allowing 2 CPUs, 0 hotplug CPUs
[    0.000000] PM: Registered nosave memory: [mem 0x00000000-0x00000fff]
[    0.000000] PM: Registered nosave memory: [mem 0x0009f000-0x0009ffff]
[    0.000000] PM: Registered nosave memory: [mem 0x000a0000-0x000effff]
[    0.000000] PM: Registered nosave memory: [mem 0x000f0000-0x000fffff]
[    0.000000] e820: [mem 0x40000000-0xfebfffff] available for PCI devices
[    0.000000] Booting paravirtualized kernel on KVM
[    0.000000] clocksource: refined-jiffies: mask: 0xffffffff max_cycles: 0xffffffff, max_idle_ns: 7645519600211568 ns
[    0.000000] setup_percpu: NR_CPUS:512 nr_cpumask_bits:512 nr_cpu_ids:2 nr_node_ids:1
[    0.000000] PERCPU: Embedded 33 pages/cpu @ffff88003fc00000 s95448 r8192 d31528 u1048576
[    0.000000] Built 1 zonelists in Node order, mobility grouping on.  Total pages: 257912
[    0.000000] Policy zone: DMA32
[    0.000000] Kernel command line: BOOT_IMAGE=/boot/vmlinuz-4.4.0-176-generic root=LABEL=cloudimg-rootfs ro console=tty1 console=ttyS0
[    0.000000] PID hash table entries: 4096 (order: 3, 32768 bytes)
[    0.000000] Memory: 997672K/1048120K available (8626K kernel code, 1336K rwdata, 4032K rodata, 1488K init, 1292K bss, 50448K reserved, 0K cma-reserved)
[    0.000000] SLUB: HWalign=64, Order=0-3, MinObjects=0, CPUs=2, Nodes=1
[    0.000000] Kernel/User page tables isolation: enabled
[    0.000000] Hierarchical RCU implementation.
[    0.000000] 	Build-time adjustment of leaf fanout to 64.
[    0.000000] 	RCU restricting CPUs from NR_CPUS=512 to nr_cpu_ids=2.
[    0.000000] RCU: Adjusting geometry for rcu_fanout_leaf=64, nr_cpu_ids=2
[    0.000000] NR_IRQS:33024 nr_irqs:440 16
[    0.000000] Console: colour VGA+ 80x25
[    0.000000] console [tty1] enabled
[    0.000000] console [ttyS0] enabled
[    0.000000] tsc: Detected 1599.999 MHz processor
[    0.321326] Calibrating delay loop (skipped) preset value.. 3199.99 BogoMIPS (lpj=6399996)
[    0.329618] pid_max: default: 32768 minimum: 301
[    0.332427] ACPI: Core revision 20150930
[    0.337542] ACPI: 2 ACPI AML tables successfully acquired and loaded
[    0.344548] Security Framework initialized
[    0.347743] Yama: becoming mindful.
[    0.351708] AppArmor: AppArmor initialized
[    0.355207] Dentry cache hash table entries: 131072 (order: 8, 1048576 bytes)
[    0.367043] Inode-cache hash table entries: 65536 (order: 7, 524288 bytes)
[    0.371125] Mount-cache hash table entries: 2048 (order: 2, 16384 bytes)
[    0.378466] Mountpoint-cache hash table entries: 2048 (order: 2, 16384 bytes)
[    0.384168] Initializing cgroup subsys io
[    0.387290] Initializing cgroup subsys memory
[    0.390919] Initializing cgroup subsys devices
[    0.394811] Initializing cgroup subsys freezer
[    0.397905] Initializing cgroup subsys net_cls
[    0.400832] Initializing cgroup subsys perf_event
[    0.404028] Initializing cgroup subsys net_prio
[    0.408566] Initializing cgroup subsys hugetlb
[    0.413300] Initializing cgroup subsys pids
[    0.418712] mce: CPU supports 0 MCE banks
[    0.421398] Last level iTLB entries: 4KB 64, 2MB 8, 4MB 8
[    0.425341] Last level dTLB entries: 4KB 64, 2MB 0, 4MB 0, 1GB 4
[    0.428152] Spectre V1 : Mitigation: usercopy/swapgs barriers and __user pointer sanitization
[    0.433003] Spectre V2 : Mitigation: Full generic retpoline
[    0.435888] Spectre V2 : Spectre v2 / SpectreRSB mitigation: Filling RSB on context switch
[    0.440463] Speculative Store Bypass: Vulnerable
[    0.447533] MDS: Mitigation: Clear CPU buffers
[    0.452862] Freeing SMP alternatives memory: 36K
[    0.465174] ftrace: allocating 32305 entries in 127 pages
[    0.563307] smpboot: APIC(0) Converting physical 0 to logical package 0
[    0.566551] smpboot: Max logical packages: 1
[    0.568402] x2apic enabled
[    0.571665] Switched APIC routing to physical x2apic.
[    0.578194] ..TIMER: vector=0x30 apic1=0 pin1=2 apic2=-1 pin2=-1
[    0.690205] APIC calibration not consistent with PM-Timer: 101ms instead of 100ms
[    0.703687] APIC delta adjusted to PM-Timer: 6220363 (6297520)
[    0.706834] smpboot: CPU0: Intel(R) Core(TM) i5-5250U CPU @ 1.60GHz (family: 0x6, model: 0x3d, stepping: 0x4)
[    0.712276] Performance Events: unsupported p6 CPU model 61 no PMU driver, software events only.
[    0.733216] KVM setup paravirtual spinlock
[    0.735735] x86: Booting SMP configuration:
[    0.737275] .... node  #0, CPUs:      #1
[    0.738863] kvm-clock: cpu 1, msr 0:3ffe3041, secondary cpu clock
[    0.745344] mce: CPU supports 0 MCE banks
[    0.757331] x86: Booted up 1 node, 2 CPUs
[    0.760751] smpboot: Total of 2 processors activated (6399.99 BogoMIPS)
[    0.764095] devtmpfs: initialized
[    0.767052] evm: security.selinux
[    0.768432] evm: security.SMACK64
[    0.769886] evm: security.SMACK64EXEC
[    0.772548] evm: security.SMACK64TRANSMUTE
[    0.778430] evm: security.SMACK64MMAP
[    0.779934] evm: security.ima
[    0.781089] evm: security.capability
[    0.783532] clocksource: jiffies: mask: 0xffffffff max_cycles: 0xffffffff, max_idle_ns: 7645041785100000 ns
[    0.787730] futex hash table entries: 512 (order: 3, 32768 bytes)
[    0.790457] pinctrl core: initialized pinctrl subsystem
[    0.793762] RTC time: 12:08:13, date: 04/23/20
[    0.795793] NET: Registered protocol family 16
[    0.810458] cpuidle: using governor ladder
[    0.822742] cpuidle: using governor menu
[    0.826604] PCCT header not found.
[    0.828983] ACPI: bus type PCI registered
[    0.830850] acpiphp: ACPI Hot Plug PCI Controller Driver version: 0.5
[    0.833294] PCI: Using configuration type 1 for base access
[    0.848050] ACPI: Added _OSI(Module Device)
[    0.850192] ACPI: Added _OSI(Processor Device)
[    0.852578] ACPI: Added _OSI(3.0 _SCP Extensions)
[    0.854350] ACPI: Added _OSI(Processor Aggregator Device)
[    0.857515] ACPI: Executed 1 blocks of module-level executable AML code
[    0.864517] ACPI: Interpreter enabled
[    0.866290] ACPI: (supports S0 S5)
[    0.867766] ACPI: Using IOAPIC for interrupt routing
[    0.870102] PCI: Using host bridge windows from ACPI; if necessary, use "pci=nocrs" and report a bug
[    0.882975] ACPI: PCI Root Bridge [PCI0] (domain 0000 [bus 00-ff])
[    0.885939] acpi PNP0A03:00: _OSC: OS supports [ASPM ClockPM Segments MSI]
[    0.889159] acpi PNP0A03:00: _OSC: not requesting OS control; OS requires [ExtendedConfig ASPM ClockPM MSI]
[    0.895532] acpi PNP0A03:00: fail to add MMCONFIG information, can't access extended PCI configuration space under this bridge.
[    0.900780] PCI host bridge to bus 0000:00
[    0.902668] pci_bus 0000:00: root bus resource [io  0x0000-0x0cf7 window]
[    0.904991] pci_bus 0000:00: root bus resource [io  0x0d00-0xffff window]
[    0.910608] pci_bus 0000:00: root bus resource [mem 0x000a0000-0x000bffff window]
[    0.914159] pci_bus 0000:00: root bus resource [mem 0x40000000-0xfdffffff window]
[    0.917227] pci_bus 0000:00: root bus resource [bus 00-ff]
[    0.924909] pci 0000:00:01.1: legacy IDE quirk: reg 0x10: [io  0x01f0-0x01f7]
[    0.947144] pci 0000:00:01.1: legacy IDE quirk: reg 0x14: [io  0x03f6]
[    0.949667] pci 0000:00:01.1: legacy IDE quirk: reg 0x18: [io  0x0170-0x0177]
[    0.952581] pci 0000:00:01.1: legacy IDE quirk: reg 0x1c: [io  0x0376]
[    0.987509] pci 0000:00:07.0: quirk: [io  0x4000-0x403f] claimed by PIIX4 ACPI
[    0.991897] pci 0000:00:07.0: quirk: [io  0x4100-0x410f] claimed by PIIX4 SMB
[    1.015142] ACPI: PCI Interrupt Link [LNKA] (IRQs 5 9 10 *11)
[    1.018581] ACPI: PCI Interrupt Link [LNKB] (IRQs 5 9 *10 11)
[    1.022562] ACPI: PCI Interrupt Link [LNKC] (IRQs 5 *9 10 11)
[    1.034123] ACPI: PCI Interrupt Link [LNKD] (IRQs 5 9 10 *11)
[    1.042439] ACPI: Enabled 2 GPEs in block 00 to 07
[    1.046644] vgaarb: setting as boot device: PCI:0000:00:02.0
[    1.048986] vgaarb: device added: PCI:0000:00:02.0,decodes=io+mem,owns=io+mem,locks=none
[    1.052836] vgaarb: loaded
[    1.053950] vgaarb: bridge control possible 0000:00:02.0
[    1.056051] SCSI subsystem initialized
[    1.062505] ACPI: bus type USB registered
[    1.064507] usbcore: registered new interface driver usbfs
[    1.067022] usbcore: registered new interface driver hub
[    1.069388] usbcore: registered new device driver usb
[    1.071942] PCI: Using ACPI for IRQ routing
[    1.078156] NetLabel: Initializing
[    1.079446] NetLabel:  domain hash size = 128
[    1.081890] NetLabel:  protocols = UNLABELED CIPSOv4
[    1.084094] NetLabel:  unlabeled traffic allowed by default
[    1.086354] amd_nb: Cannot enumerate AMD northbridges
[    1.088688] clocksource: Switched to clocksource kvm-clock
[    1.103612] AppArmor: AppArmor Filesystem Enabled
[    1.105627] pnp: PnP ACPI init
[    1.110829] pnp: PnP ACPI: found 3 devices
[    1.126206] clocksource: acpi_pm: mask: 0xffffff max_cycles: 0xffffff, max_idle_ns: 2085701024 ns
[    1.130355] NET: Registered protocol family 2
[    1.132232] TCP established hash table entries: 8192 (order: 4, 65536 bytes)
[    1.135268] TCP bind hash table entries: 8192 (order: 5, 131072 bytes)
[    1.137358] TCP: Hash tables configured (established 8192 bind 8192)
[    1.139610] UDP hash table entries: 512 (order: 2, 16384 bytes)
[    1.144897] UDP-Lite hash table entries: 512 (order: 2, 16384 bytes)
[    1.147312] NET: Registered protocol family 1
[    1.148905] pci 0000:00:00.0: Limiting direct PCI/PCI transfers
[    1.151568] pci 0000:00:01.0: Activating ISA DMA hang workarounds
[    1.153967] Unpacking initramfs...
[    1.557138] Freeing initrd memory: 14880K
[    1.565285] RAPL PMU detected, API unit is 2^-32 Joules, 4 fixed counters 10737418240 ms ovfl timer
[    1.572350] hw unit of domain pp0-core 2^-0 Joules
[    1.578359] hw unit of domain package 2^-0 Joules
[    1.587057] hw unit of domain dram 2^-0 Joules
[    1.595842] hw unit of domain pp1-gpu 2^-0 Joules
[    1.620911] clocksource: tsc: mask: 0xffffffffffffffff max_cycles: 0x171023f09ff, max_idle_ns: 440795233615 ns
[    1.650798] platform rtc_cmos: registered platform RTC device (no PNP device found)
[    1.673794] Scanning for low memory corruption every 60 seconds
[    1.693907] audit: initializing netlink subsys (disabled)
[    1.696942] audit: type=2000 audit(1587643702.192:1): initialized
[    1.703256] Initialise system trusted keyring
[    1.712351] HugeTLB registered 2 MB page size, pre-allocated 0 pages
[    1.722931] zbud: loaded
[    1.729526] VFS: Disk quotas dquot_6.6.0
[    1.738661] VFS: Dquot-cache hash table entries: 512 (order 0, 4096 bytes)
[    1.752100] squashfs: version 4.0 (2009/01/31) Phillip Lougher
[    1.770303] fuse init (API version 7.23)
[    1.774611] Key type big_key registered
[    1.779233] Allocating IMA MOK and blacklist keyrings.
[    1.787016] Key type asymmetric registered
[    1.794965] Asymmetric key parser 'x509' registered
[    1.796812] Block layer SCSI generic (bsg) driver version 0.4 loaded (major 249)
[    1.801112] io scheduler noop registered
[    1.802928] io scheduler deadline registered (default)
[    1.805033] io scheduler cfq registered
[    1.808410] pci_hotplug: PCI Hot Plug PCI Core version: 0.5
[    1.812868] pciehp: PCI Express Hot Plug Controller Driver version: 0.4
[    1.815904] ACPI: AC Adapter [AC] (on-line)
[    1.818041] input: Power Button as /devices/LNXSYSTM:00/LNXPWRBN:00/input/input0
[    1.820769] ACPI: Power Button [PWRF]
[    1.822383] input: Sleep Button as /devices/LNXSYSTM:00/LNXSLPBN:00/input/input1
[    1.828691] ACPI: Sleep Button [SLPF]
[    1.832189] ACPI: Battery Slot [BAT0] (battery present)
[    1.834700] GHES: HEST is not enabled!
[    1.836368] Serial: 8250/16550 driver, 32 ports, IRQ sharing enabled
[    1.869225] 00:02: ttyS0 at I/O 0x3f8 (irq = 4, base_baud = 115200) is a 16550A
[    1.877384] Linux agpgart interface v0.103
[    1.882242] loop: module loaded
[    1.885916] scsi host0: ata_piix
[    1.887570] scsi host1: ata_piix
[    1.889626] ata1: PATA max UDMA/33 cmd 0x1f0 ctl 0x3f6 bmdma 0xd000 irq 14
[    1.896364] ata2: PATA max UDMA/33 cmd 0x170 ctl 0x376 bmdma 0xd008 irq 15
[    1.899131] libphy: Fixed MDIO Bus: probed
[    1.901307] tun: Universal TUN/TAP device driver, 1.6
[    1.902983] tun: (C) 1999-2004 Max Krasnyansky <maxk@qualcomm.com>
[    1.912146] PPP generic driver version 2.4.2
[    1.913961] ehci_hcd: USB 2.0 'Enhanced' Host Controller (EHCI) Driver
[    1.916932] ehci-pci: EHCI PCI platform driver
[    1.918606] ehci-platform: EHCI generic platform driver
[    1.921515] ohci_hcd: USB 1.1 'Open' Host Controller (OHCI) Driver
[    1.925430] ohci-pci: OHCI PCI platform driver
[    1.928376] ohci-platform: OHCI generic platform driver
[    1.930615] uhci_hcd: USB Universal Host Controller Interface driver
[    1.933506] i8042: PNP: PS/2 Controller [PNP0303:PS2K,PNP0f03:PS2M] at 0x60,0x64 irq 1,12
[    1.938337] serio: i8042 KBD port at 0x60,0x64 irq 1
[    1.942764] serio: i8042 AUX port at 0x60,0x64 irq 12
[    1.945114] mousedev: PS/2 mouse device common for all mice
[    1.948746] rtc_cmos rtc_cmos: rtc core: registered rtc_cmos as rtc0
[    1.951810] input: AT Translated Set 2 keyboard as /devices/platform/i8042/serio0/input/input2
[    1.955658] rtc_cmos rtc_cmos: alarms up to one day, 114 bytes nvram
[    1.959789] i2c /dev entries driver
[    1.961754] device-mapper: uevent: version 1.0.3
[    1.963627] device-mapper: ioctl: 4.34.0-ioctl (2015-10-28) initialised: dm-devel@redhat.com
[    1.967149] ledtrig-cpu: registered to indicate activity on CPUs
[    1.970437] NET: Registered protocol family 10
[    1.972689] NET: Registered protocol family 17
[    1.976272] Key type dns_resolver registered
[    1.979204] registered taskstats version 1
[    1.980956] Loading compiled-in X.509 certificates
[    1.983495] Loaded X.509 cert 'Build time autogenerated kernel key: c2b7431ed9258328a3a0cf301f850647788d8e61'
[    1.988293] zswap: loaded using pool lzo/zbud
[    1.994883] Key type trusted registered
[    2.002118] Key type encrypted registered
[    2.003611] AppArmor: AppArmor sha1 policy hashing enabled
[    2.005733] ima: No TPM chip found, activating TPM-bypass!
[    2.009987] ima: Allocated hash algorithm: sha1
[    2.012019] evm: HMAC attrs: 0x1
[    2.014092]   Magic number: 0:54:128
[    2.015444] acpi device:03: hash matches
[    2.017431] acpi PNP0C02:00: hash matches
[    2.018791] rtc_cmos rtc_cmos: setting system clock to 2020-04-23 12:08:14 UTC (1587643694)
[    2.022095] BIOS EDD facility v0.16 2004-Jun-25, 0 devices found
[    2.025965] EDD information not available.
[    2.084466] Freeing unused kernel memory: 1488K
[    2.086410] Write protecting the kernel read-only data: 14336k
[    2.090043] Freeing unused kernel memory: 1604K
[    2.093289] Freeing unused kernel memory: 64K
Loading, please wait...
starting version 229
[    2.164258] random: systemd-udevd: uninitialized urandom read (16 bytes read, 5 bits of entropy available)
[    2.167326] random: udevadm: uninitialized urandom read (16 bytes read, 5 bits of entropy available)
[    2.167581] random: udevadm: uninitialized urandom read (16 bytes read, 5 bits of entropy available)
[    2.193258] random: systemd-udevd: uninitialized urandom read (16 bytes read, 5 bits of entropy available)
[    2.198841] random: systemd-udevd: uninitialized urandom read (16 bytes read, 5 bits of entropy available)
[    2.204005] random: udevadm: uninitialized urandom read (16 bytes read, 5 bits of entropy available)
[    2.204059] random: udevadm: uninitialized urandom read (16 bytes read, 5 bits of entropy available)
[    2.204271] random: udevadm: uninitialized urandom read (16 bytes read, 5 bits of entropy available)
[    2.204340] random: udevadm: uninitialized urandom read (16 bytes read, 5 bits of entropy available)
[    2.204394] random: udevadm: uninitialized urandom read (16 bytes read, 5 bits of entropy available)
[    2.417859] e1000: Intel(R) PRO/1000 Network Driver - version 7.3.21-k8-NAPI
[    2.447937] e1000: Copyright (c) 1999-2006 Intel Corporation.
[    2.485989] Fusion MPT base driver 3.04.20
[    2.498323] Copyright (c) 1999-2008 LSI Corporation
[    2.603983] Fusion MPT SPI Host driver 3.04.20
[    2.612984] AVX2 version of gcm_enc/dec engaged.
[    2.617350] AES CTR mode by8 optimization enabled
[    2.819039] input: ImExPS/2 Generic Explorer Mouse as /devices/platform/i8042/serio1/input/input4
[    3.677940] e1000 0000:00:03.0 eth0: (PCI:33MHz:32-bit) 02:90:e9:96:cf:60
[    3.686263] e1000 0000:00:03.0 eth0: Intel(R) PRO/1000 Network Connection
[    3.698104] mptbase: ioc0: Initiating bringup
[    4.645521] ioc0: LSI53C1030 A0: Capabilities={Initiator}
[    6.084609] scsi host2: ioc0: LSI53C1030 A0, FwRev=00000000h, Ports=1, MaxQ=256, IRQ=20
[    7.696871] scsi 2:0:0:0: Direct-Access     VBOX     HARDDISK         1.0  PQ: 0 ANSI: 5
[    7.713280] scsi target2:0:0: Beginning Domain Validation
[    7.718758] scsi target2:0:0: Domain Validation skipping write tests
[    7.720739] scsi target2:0:0: Ending Domain Validation
[    7.722795] scsi target2:0:0: asynchronous
[    7.726071] scsi 2:0:1:0: Direct-Access     VBOX     HARDDISK         1.0  PQ: 0 ANSI: 5
[    7.728934] scsi target2:0:1: Beginning Domain Validation
[    7.733398] scsi target2:0:1: Domain Validation skipping write tests
[    7.735964] scsi target2:0:1: Ending Domain Validation
[    7.739220] scsi target2:0:1: asynchronous
[    7.763992] sd 2:0:0:0: Attached scsi generic sg0 type 0
[    7.775831] sd 2:0:1:0: Attached scsi generic sg1 type 0
[    7.786239] sd 2:0:0:0: [sda] 20971520 512-byte logical blocks: (10.7 GB/10.0 GiB)
[    7.789718] sd 2:0:1:0: [sdb] 20480 512-byte logical blocks: (10.5 MB/10.0 MiB)
[    7.806490] sd 2:0:1:0: [sdb] Write Protect is off
[    7.821276] sd 2:0:1:0: [sdb] Incomplete mode parameter data
[    7.836079] sd 2:0:1:0: [sdb] Assuming drive cache: write through
[    7.842206] sd 2:0:0:0: [sda] Write Protect is off
[    7.847995] sd 2:0:0:0: [sda] Incomplete mode parameter data
[    7.853174] sd 2:0:0:0: [sda] Assuming drive cache: write through
[    7.863604]  sda: sda1
[    7.868681] sd 2:0:0:0: [sda] Attached SCSI disk
[    7.882633] sd 2:0:1:0: [sdb] Attached SCSI disk
[    8.677930] e1000 0000:00:08.0 eth1: (PCI:33MHz:32-bit) 08:00:27:3e:ba:ee
[    8.681126] e1000 0000:00:08.0 eth1: Intel(R) PRO/1000 Network Connection
[    8.690353] e1000 0000:00:03.0 enp0s3: renamed from eth0
[    8.709686] e1000 0000:00:08.0 enp0s8: renamed from eth1
Begin: Loading essential drivers ... [   10.730554] md: linear personality registered for level -1
[   10.740517] md: multipath personality registered for level -4
[   10.747974] md: raid0 personality registered for level 0
[   10.756112] md: raid1 personality registered for level 1
[   10.832913] raid6: sse2x1   gen()  3012 MB/s
[   10.906075] raid6: sse2x1   xor()  2017 MB/s
[   10.981898] raid6: sse2x2   gen()  3671 MB/s
[   11.052953] raid6: sse2x2   xor()  2945 MB/s
[   11.121005] raid6: sse2x4   gen()  5205 MB/s
[   11.189213] raid6: sse2x4   xor()  3063 MB/s
[   11.261279] raid6: avx2x1   gen()  7756 MB/s
[   11.332942] raid6: avx2x2   gen()  9296 MB/s
[   11.401293] raid6: avx2x4   gen()  9613 MB/s
[   11.403328] raid6: using algorithm avx2x4 gen() 9613 MB/s
[   11.406266] raid6: using avx2x2 recovery algorithm
[   11.418705] xor: automatically using best checksumming function:
[   11.461119]    avx       : 16225.000 MB/sec
[   11.469449] async_tx: api initialized (async)
[   11.518721] md: raid6 personality registered for level 6
[   11.521771] md: raid5 personality registered for level 5
[   11.530543] md: raid4 personality registered for level 4
[   11.584452] md: raid10 personality registered for level 10
done.
Begin: Running /scripts/init-premount ... done.
Begin: Mounting root file system ... Begin: Running /scripts/local-top ... done.
Begin: Running /scripts/local-premount ... [   11.758293] Btrfs loaded
Scanning for Btrfs filesystems
done.
Warning: fsck not present, so skipping root file system
[   11.882244] EXT4-fs (sda1): mounted filesystem with ordered data mode. Opts: (null)
done.
Begin: Running /scripts/local-bottom ... done.
Begin: Running /scripts/init-bottom ... done.
[   12.266056] systemd[1]: systemd 229 running in system mode. (+PAM +AUDIT +SELINUX +IMA +APPARMOR +SMACK +SYSVINIT +UTMP +LIBCRYPTSETUP +GCRYPT +GNUTLS +ACL +XZ -LZ4 +SECCOMP +BLKID +ELFUTILS +KMOD -IDN)
[   12.276938] systemd[1]: Detected virtualization oracle.
[   12.282322] systemd[1]: Detected architecture x86-64.

Welcome to [1mUbuntu 16.04.6 LTS[0m!

[   12.293345] systemd[1]: Set hostname to <ubuntu>.
[   12.304548] systemd[1]: Initializing machine ID from random generator.
[   12.308307] systemd[1]: Installed transient /etc/machine-id file.
[   12.917489] systemd[1]: Set up automount Arbitrary Executable File Formats File System Automount Point.
[[0;32m  OK  [0m] Set up automount Arbitrary Executab...ats File System Automount Point.
[   12.938843] systemd[1]: Listening on LVM2 poll daemon socket.
[[0;32m  OK  [0m] Listening on LVM2 poll daemon socket.
[   12.962513] systemd[1]: Reached target System Time Synchronized.
[[0;32m  OK  [0m] Reached target System Time Synchronized.
[   12.978880] systemd[1]: Started Trigger resolvconf update for networkd DNS.
[[0;32m  OK  [0m] Started Trigger resolvconf update for networkd DNS.
[   12.998093] systemd[1]: Listening on udev Kernel Socket.
[[0;32m  OK  [0m] Listening on udev Kernel Socket.
[   13.006531] systemd[1]: Listening on Journal Audit Socket.
[[0;32m  OK  [0m] Listening on Journal Audit Socket.
[   13.029917] systemd[1]: Reached target Swap.
[[0;32m  OK  [0m] Reached target Swap.
[   13.039303] systemd[1]: Listening on Journal Socket.
[[0;32m  OK  [0m] Listening on Journal Socket.
[   13.051416] systemd[1]: Listening on Journal Socket (/dev/log).
[[0;32m  OK  [0m] Listening on Journal Socket (/dev/log).
[   13.070771] systemd[1]: Created slice User and Session Slice.
[[0;32m  OK  [0m] Created slice User and Session Slice.
[   13.077987] systemd[1]: Created slice System Slice.
[[0;32m  OK  [0m] Created slice System Slice.
[   13.102077] systemd[1]: Starting Set console keymap...
         Starting Set console keymap...
[   13.118931] systemd[1]: Created slice system-serial\x2dgetty.slice.
[[0;32m  OK  [0m] Created slice system-serial\x2dgetty.slice.
[   13.153239] systemd[1]: Mounting POSIX Message Queue File System...
         Mounting POSIX Message Queue File System...
[   13.170538] random: nonblocking pool is initialized
[   13.187511] systemd[1]: Mounting Debug File System...
         Mounting Debug File System...
[   13.215620] systemd[1]: Starting Create list of required static device nodes for the current kernel...
         Starting Create list of required st... nodes for the current kernel...
[   13.253277] systemd[1]: Starting Load Kernel Modules...
         Starting Load Kernel Modules...
[   13.260959] systemd[1]: Reached target User and Group Name Lookups.
[[0;32m  OK  [0m] Reached target User and Group Name Lookups.
[   13.271518] systemd[1]: Listening on LVM2 metadata daemon socket.
[[0;32m  OK  [0m] Listening on LVM2 metadata daemon socket.
[   13.284501] systemd[1]: Starting Remount Root and Kernel File Systems...
         Starting Remount Root and Kernel File Systems...
[   13.300088] Loading iSCSI transport class v2.0-870.
[   13.303751] EXT4-fs (sda1): re-mounted. Opts: (null)
[   13.303961] systemd[1]: Reached target Encrypted Volumes.
[[0;32m  OK  [0m] Reached target Encrypted Volumes.
[   13.319733] systemd[1]: Listening on udev Control Socket.
[[0;32m  OK  [0m] Listening on udev Control Socket.
[   13.333829] systemd[1]: Started Forward Password Requests to Wall Directory Watch.
[[0;32m  OK  [0m] Started Forward Password Requests to Wall Directory Watch.
[   13.340177] systemd[1]: Listening on /dev/initctl Compatibility Named Pipe.
[   13.347369] iscsi: registered transport (tcp)
[[0;32m  OK  [0m] Listening on /dev/initctl Compatibility Named Pipe.
[   13.357956] systemd[1]: Reached target Slices.
[[0;32m  OK  [0m] Reached target Slices.
[   13.365849] systemd[1]: Listening on Device-mapper event daemon FIFOs.
[[0;32m  OK  [0m] Listening on Device-mapper event daemon FIFOs.
[   13.385144] systemd[1]: Starting Nameserver information manager...
         Starting Nameserver information manager...
[   13.418981] systemd[1]: Starting Uncomplicated firewall...
         Starting Uncomplicated firewall...
[   13.478265] systemd[1]: Starting Monitoring of LVM2 mirrors, snapshots etc. using dmeventd or progress polling...
         Starting Monitoring of LVM2 mirrors... dmeventd or progress polling...
[   13.501198] systemd[1]: Mounting Huge Pages File System...
         Mounting Huge Pages File System...
[   13.515242] systemd[1]: Listening on Syslog Socket.
[[0;32m  OK  [0m] Listening on Syslog Socket.
[   13.521883] iscsi: registered transport (iser)
[   13.538513] systemd[1]: Starting Journal Service...
         Starting Journal Service...
[   13.583572] systemd[1]: Mounted POSIX Message Queue File System.
[[0;32m  OK  [0m] Mounted POSIX Message Queue File System.
[   13.598649] systemd[1]: Mounted Huge Pages File System.
[[0;32m  OK  [0m] Mounted Huge Pages File System.
[   13.611840] systemd[1]: Mounted Debug File System.
[[0;32m  OK  [0m] Mounted Debug File System.
[   13.620112] systemd[1]: Started Set console keymap.
[[0;32m  OK  [0m] Started Set console keymap.
[   13.637097] systemd[1]: Started Create list of required static device nodes for the current kernel.
[[0;32m  OK  [0m] Started Create list of required sta...ce nodes for the current kernel.
[   13.672530] systemd[1]: Started Load Kernel Modules.
[[0;32m  OK  [0m] Started Load Kernel Modules.
[   13.689519] systemd[1]: Started Remount Root and Kernel File Systems.
[[0;32m  OK  [0m] Started Remount Root and Kernel File Systems.
[   13.765610] systemd[1]: Started Uncomplicated firewall.
[[0;32m  OK  [0m] Started Uncomplicated firewall.
[   13.797586] systemd[1]: Started Nameserver information manager.
[[0;32m  OK  [0m] Started Nameserver information manager.
[   13.822944] systemd[1]: Started Journal Service.
[[0;32m  OK  [0m] Started Journal Service.
[[0;32m  OK  [0m] Started LVM2 metadata daemon.
         Starting udev Coldplug all Devices...
         Starting Flush Journal to Persistent Storage...
         Starting Load/Save Random Seed...
         Starting Apply Kernel Variables...
         Mounting FUSE Control File System...
         Starting Create Static Device Nodes in /dev...
[[0;32m  OK  [0m] Mounted FUSE Control File System.
[[0;32m  OK  [0m] Started Load/Save Random Seed.
[[0;32m  OK  [0m] Started Apply Kernel Variables.
[[0;32m  OK  [0m] Started Create Static Device Nodes in /dev.
         Starting udev Kernel Device Manager...
[[0;32m  OK  [0m] Started Flush Journal to Persistent Storage.
[[0;32m  OK  [0m] Started udev Coldplug all Devices.
[[0;32m  OK  [0m] Started Monitoring of LVM2 mirrors,...ng dmeventd or progress polling.
[[0;32m  OK  [0m] Reached target Local File Systems (Pre).
[[0;32m  OK  [0m] Reached target Local File Systems.
         Starting Set console font and keymap...
         Starting Commit a transient machine-id on disk...
         Starting Tell Plymouth To Write Out Runtime Data...
         Starting LSB: AppArmor initialization...
         Starting Initial cloud-init job (pre-networking)...
         Starting Create Volatile Files and Directories...
[[0;32m  OK  [0m] Started udev Kernel Device Manager.
[[0;32m  OK  [0m] Started Commit a transient machine-id on disk.
[[0;32m  OK  [0m] Started Tell Plymouth To Write Out Runtime Data.
[[0;32m  OK  [0m] Started Create Volatile Files and Directories.
         Starting Update UTMP about System Boot/Shutdown...
[[0;32m  OK  [0m] Started Dispatch Password Requests to Console Directory Watch.
[[0;32m  OK  [0m] Started Update UTMP about System Boot/Shutdown.
[[0;32m  OK  [0m] Found device /dev/ttyS0.
[[0;32m  OK  [0m] Listening on Load/Save RF Kill Switch Status /dev/rfkill Watch.
[[0;32m  OK  [0m] Started Set console font and keymap.
[[0;32m  OK  [0m] Created slice system-getty.slice.
[[0;32m  OK  [0m] Started LSB: AppArmor initialization.
[   19.689770] cloud-init[496]: Cloud-init v. 19.4-33-gbb4131a2-0ubuntu1~16.04.1 running 'init-local' at Thu, 23 Apr 2020 12:08:31 +0000. Up 18.67 seconds.
[[0;32m  OK  [0m] Started Initial cloud-init job (pre-networking).
[[0;32m  OK  [0m] Reached target Network (Pre).
         Starting Raise network interfaces...
[[0;32m  OK  [0m] Started Raise network interfaces.
[[0;32m  OK  [0m] Reached target Network.
         Starting Initial cloud-init job (metadata service crawler)...
[   22.552633] cloud-init[948]: Cloud-init v. 19.4-33-gbb4131a2-0ubuntu1~16.04.1 running 'init' at Thu, 23 Apr 2020 12:08:33 +0000. Up 20.89 seconds.
[   22.565736] cloud-init[948]: ci-info: ++++++++++++++++++++++++++++++++++++++Net device info+++++++++++++++++++++++++++++++++++++++
[   22.578904] cloud-init[948]: ci-info: +--------+-------+----------------------------+---------------+--------+-------------------+
[   22.589078] cloud-init[948]: ci-info: | Device |   Up  |          Address           |      Mask     | Scope  |     Hw-Address    |
[   22.597594] cloud-init[948]: ci-info: +--------+-------+----------------------------+---------------+--------+-------------------+
[   22.603462] cloud-init[948]: ci-info: | enp0s3 |  True |         10.0.2.15          | 255.255.255.0 | global | 02:90:e9:96:cf:60 |
[   22.617342] cloud-init[948]: ci-info: | enp0s3 |  True | fe80::90:e9ff:fe96:cf60/64 |       .       |  link  | 02:90:e9:96:cf:60 |
[   22.624533] cloud-init[948]: ci-info: | enp0s8 | False |             .              |       .       |   .    | 08:00:27:3e:ba:ee |
[   22.641000] cloud-init[948]: ci-info: |   lo   |  True |         127.0.0.1          |   255.0.0.0   |  host  |         .         |
[   22.649407] cloud-init[948]: ci-info: |   lo   |  True |          ::1/128           |       .       |  host  |         .         |
[   22.654237] cloud-init[948]: ci-info: +--------+-------+----------------------------+---------------+--------+-------------------+
[   22.669007] cloud-init[948]: ci-info: +++++++++++++++++++++++++++Route IPv4 info++++++++++++++++++++++++++++
[   22.682135] cloud-init[948]: ci-info: +-------+-------------+----------+---------------+-----------+-------+
[   22.686924] [[0;32m  OK  [0m] Started Initial cloud-init job (metadata service crawler).
[[0;32m  OK  [0m] Reached target Cloud-config availability.
[[0;32m  OK  [0m] Reached target System Initialization.
cloud-init[948]: ci-info: | Route | Destination | Gateway  |    Genmask    | Interface | Flags |
[   22.701991] cloud-init[948]: ci-info: +-------+-------------+----------+---------------+-----------+-------+
[   22.702407] cloud-init[948]: ci-info: |   0   |   0.0.0.0   | 10.0.2.2 |    0.0.0.0    |   enp0s3  |   UG  |
[   22.705598] cloud-init[948]: ci-info: |   1   |   10.0.2.0  | 0.0.0.0  | 255.255.255.0 |   enp0s3  |   U   |
[   22.705949] cloud-init[948]: ci-info: +-------+-------------+----------+---------------+-----------+-------+
[   22.706030] cloud-init[948]: ci-info: +++++++++++++++++++Route IPv6 info+++++++++++++++++++
[   22.706102] cloud-init[948]: ci-info: +-------+-------------+---------+-----------+-------+
[   22.706174] cloud-init[948]: ci-info: | Route | Destination | Gateway | Interface | Flags |
[   22.706250] cloud-init[948]: ci-info: +-------+-------------+---------+-----------+-------+
[   22.706323] cloud-init[948]: ci-info: |   0   |  fe80::/64  |    ::   |   enp0s3  |   U   |
[   22.706417] cloud-init[948]: ci-info: |   3   |   ff00::/8  |    ::   |   enp0s3  |   U   |
[   22.706491] cloud-init[948]: ci-info: +-------+-------------+---------+-----------+-------+
[[0;32m  OK  [0m] Started ACPI Events Check.
[[   22.706574] cloud-init[948]: Generating public/private rsa key pair.
[   22.745643] cloud-init[948]: Your identification has been saved in /etc/ssh/ssh_host_rsa_key.
[0;32m  OK  [0m] Reached target Paths.
[[   22.748373] cloud-init[948]: Your public key has been saved in /etc/ssh/ssh_host_rsa_key.pub.
[   22.752643] cloud-init[0;32m  OK  [0m[948]: ] The key fingerprint is:Listening on D-Bus System Message Bus Socket.

[   22.762560] cloud-init[948]: SHA256:aMomumDXUJk8cvNo6cEUt8SV5GRiyklR33aIzVzEpY8 root@ubuntu-xenial
[   22.762984] cloud-init[948]: The key's randomart image is:
[[0;32m  OK  [0m] Started Daily apt download activities.
[[   22.764323] cloud-init[948]: +---[RSA 2048]----+
[   22.769714] cloud-init[948]: |     ++*o=. oo.. |
[   22.770633] cloud-init[948]: |    + X.B.* o..  |
[0;32m  OK  [0m] Started Daily apt upgrade and clean activities.
         Starting Socket activation for snappy daemon.
[   22.771167] cloud-init[948]: |   . & . + B o   |
[   22.784705] cloud-init[948]: |    * *.  . . o  |
[   22.786069] cloud-init[948]: |   . *o.S    E . |
[   22.787746] cloud-init[948]: |   .=o.          |
[   22.788768] cloud-init[948]: |....+o           |
         Starting LXD - unix socket.
[   22.788929] cloud-init[948]: |o..o             |
[[0;32m  OK  [0m] Started Daily Cleanup of Temporary Directories.
[   22.806448] cloud-init[948]: |o.               |
[   22.826691] cloud-init[948]: +----[SHA256]-----+
[   22.826886] cloud-init[948]: Generating public/private dsa key pair.
[   22.829904] cloud-init[948]: [Your identification has been saved in /etc/ssh/ssh_host_dsa_key.[0;32m  OK  [0m
] Listening on UUID daemon activation socket.
[[   22.831680] cloud-init[948]: Your public key has been saved in /etc/ssh/ssh_host_dsa_key.pub.
[   22.836557] cloud-init[948]: The key fingerprint is:
[0;32m  OK  [0m] Started Message of the Day.
[[0;32m  OK  [0m] Reached target Timers.
[   22.837596] cloud-init[948]: SHA256:zhYz94jfvcb+dFjh9f5TGABYzIUNzH8M3py/BPnT1fg root@ubuntu-xenial
[[0;32m  OK  [0m] Listening on ACPID Listen Socket.
[   23.046713] cloud-init[948]: The key's randomart image is:
[[0;32m  OK  [0m] Reached target Network is Online.
[   23.053304] cloud-init[948]: +---[DSA 1024]----+
[   23.059501] cloud-init[948]: |         B+*.    |
[   23.074159] cloud-init[948]: |        . * +    |
         Starting iSCSI initiator daemon (iscsid)...
[   23.075151] cloud-init[948]: |           o *.+o|
[[0;32m  OK  [0m] Listening on Socket activation for snappy daemon.
[   23.091138] cloud-init[948]: |            ooX *|
[   23.099758] cloud-init[948]: |        S .  .o*=|
[[0;32m  OK  [0m] Listening on LXD - unix socket.
[   23.100362] cloud-init[948]: |       o * o  .BE|
[[0;32m  OK  [0m] Reached target Sockets.
[   23.105794] cloud-init[948]: |        = . ..o B|
[[0;32m  OK  [0m] Reached target Basic System.
[   23.119029] cloud-init[948]: |       . . . .o+o|
[   23.131454] cloud-init[948]: |          . .o+o+|
[   23.135289] cloud-init[948]: +----[SHA256]-----+
[   23.137860] cloud-init[948]: Generating public/private ecdsa key pair.
[   23.140500] cloud-init[948]: Your identification has been saved in /etc/ssh/ssh_host_ecdsa_key.
         Starting Virtualbox guest utils...
[   23.152264] cloud-init[948]: Your public key has been saved in /etc/ssh/ssh_host_ecdsa_key.pub.
[[0;32m  OK  [0m] Started Regular background program processing daemon.[   23.181625] cloud-init[948]: 
The key fingerprint is:
[   23.186570] cloud-init[948]: SHA256:7RMfm482SsIdG0CdsoGnSvzOLFt20S3zSlxRlgYDTqY root@ubuntu-xenial
[[0;32m  OK  [0m] Started Deferred execution scheduler.
[   23.193041] cloud-init[948]: The key's randomart image is:
[   23.204573] cloud-init[948]: +---[ECDSA 256]---+
[   23.210307] cloud-init[948]: |       ...+oo.o. |
[[0;32m  OK  [0m] Started ACPI event daemon.
[   23.210577] cloud-init[948]: |      ..+=o  +o  |
[[   23.223990] cloud-init[948]: |   .   oE+. ..   |
[0;32m  OK  [0m] Started D-Bus System Message Bus.
[   23.224335] cloud-init[948]: |    o . .+ . .   |
[   23.233261] cloud-init[948]: |   . o  S O +    |
[   23.254705] cloud-init[948]: |    . .. = @ +   |
[   23.271304] cloud-init[948]: |     +o + O =    |
[   23.283509] cloud-init[948]: |    .o+. + ooo   |
[   23.298184] cloud-init[948]: |    .o    oo...  |
[   23.303308] cloud-init[948]: +----[SHA256]-----+
[   23.311907] cloud-init[948]: Generating public/private ed25519 key pair.
[   23.320850] cloud-init[948]: Your identification has been saved in /etc/ssh/ssh_host_ed25519_key.
[   23.332534] cloud-init[948]: Your public key has been saved in /etc/ssh/ssh_host_ed25519_key.pub.
[   23.335998] cloud-init[948]: The key fingerprint is:
[   23.345410] cloud-init[948]: SHA256:9kVNpBjwW38XA4/6lOWPvtS4mczcvcVutT+mduyjHKc root@ubuntu-xenial
[   23.367185] cloud-init[948]: The key's randomart image is:
[   23.370777] cloud-init[948]: +--[ED25519 256]--+
[   23.393981] cloud-init[948]: |        ...  oo  |
[   23.399998] cloud-init[948]: |         . o ++  |
         Starting Pollinate to seed the pseudo random number generator...
[   23.413866] cloud-init[[0;32m  OK  [0m] Started FUSE filesystem for LXC.
         Starting LSB: Record successful boot for GRUB...
         Starting Snappy daemon...
         Starting LXD - container startup/shutdown...
         Starting /etc/rc.local Compatibility...
         Starting LSB: MD monitoring daemon...
         Starting Accounts Service...
         Starting System Logging Service...
[948]: |          o +..= |
         Starting Login Service...
[   23.484183] [[0;32m  OK  [0m] Started /etc/rc.local Compatibility.
cloud-init[948]: |           +..+ o|
[   23.536827] cloud-init[948]: |        S ...o..o|
[   23.552994] cloud-init[948]: |       . . .o  *+|
[   23.565563] cloud-init[948]: |          .  o=.B|
[   23.568284] cloud-init[948]: |            .B+&+|
[[0;32m  OK  [0m] Started Login Service.
[   23.578758] [[0;32m  OK  [0m] Started Unattended Upgrades Shutdown.
[[0;32m  OK  [0m] Started System Logging Service.
cloud-init[948]: |            .E/=X|
[   23.634609] [cloud-init[0;32m  OK  [0m[948]: ] +----[SHA256]-----+Started iSCSI initiator daemon (iscsid).

         Starting Login to default iSCSI targets...
[[0;32m  OK  [0m] Started LSB: Record successful boot for GRUB.
[[0;32m  OK  [0m] Started Login to default iSCSI targets.
[[0;32m  OK  [0m] Reached target Remote File Systems (Pre).
[[0;32m  OK  [0m] Reached target Remote File Systems.
         Starting LSB: Set the CPU Frequency Scaling governor to "ondemand"...
         Starting LSB: automatic crash report generation...
         Starting Permit User Sessions...
         Starting LSB: daemon to balance interrupts for SMP systems...
[[0;32m  OK  [0m] Started Permit User Sessions.
         Starting Terminate Plymouth Boot Screen...
         Starting Hold until boot process finishes up...
[[0;32m  OK  [0m] Started Terminate Plymouth Boot Screen.
[[0;32m  OK  [0m] Started Hold until boot process finishes up.
         Starting Set console scheme...
[[0;32m  OK  [0m] Started Getty on tty1.
[[0;32m  OK  [0m] Started Serial Getty on ttyS0.
[[0;32m  OK  [0m] Reached target Login Prompts.
[[0;32m  OK  [0m] Started LSB: MD monitoring daemon.
[[0;32m  OK  [0m] Started Set console scheme.
         Starting Authenticate and Authorize Users to Run Privileged Tasks...
[[0;32m  OK  [0m] Started LSB: automatic crash report generation.
[[0;32m  OK  [0m] Started LSB: Set the CPU Frequency Scaling governor to "ondemand".
[[0;32m  OK  [0m] Started LSB: daemon to balance interrupts for SMP systems.
[[0;32m  OK  [0m] Started Authenticate and Authorize Users to Run Privileged Tasks.
[[0;32m  OK  [0m] Started LXD - container startup/shutdown.
[[0;32m  OK  [0m] Started Accounts Service.
[[0;32m  OK  [0m] Started Virtualbox guest utils.
[[0;32m  OK  [0m] Started Snappy daemon.
         Starting Wait until snapd is fully seeded...
[[0;32m  OK  [0m] Started Pollinate to seed the pseudo random number generator.
         Starting OpenBSD Secure Shell server...
[[0;32m  OK  [0m] Started OpenBSD Secure Shell server.
[[0;32m  OK  [0m] Created slice User Slice of vagrant.
         Starting User Manager for UID 1000...
[[0;32m  OK  [0m] Started Session 1 of user vagrant.
[[0;32m  OK  [0m] Started User Manager for UID 1000.
[[0;32m  OK  [0m] Started Wait until snapd is fully seeded.
         Starting Apply the settings specified in cloud-config...
[[0;32m  OK  [0m] Reached target Multi-User System.
[[0;32m  OK  [0m] Reached target Graphical Interface.
         Starting Update UTMP about System Runlevel Changes...
[[0;32m  OK  [0m] Started Update UTMP about System Runlevel Changes.

Ubuntu 16.04.6 LTS ubuntu-xenial ttyS0

ubuntu-xenial login: [   30.551250] cloud-init[1375]: Generating locales (this might take a while)...
[   34.316539] cloud-init[1375]:   en_US.UTF-8... done
[   34.318711] cloud-init[1375]: Generation complete.
[   35.876890] cloud-init[1375]: Cloud-init v. 19.4-33-gbb4131a2-0ubuntu1~16.04.1 running 'modules:config' at Thu, 23 Apr 2020 12:08:42 +0000. Up 30.00 seconds.
ci-info: no authorized SSH keys fingerprints found for user ubuntu.
<14>Apr 23 12:08:49 ec2: 
<14>Apr 23 12:08:49 ec2: #############################################################
<14>Apr 23 12:08:49 ec2: -----BEGIN SSH HOST KEY FINGERPRINTS-----
<14>Apr 23 12:08:49 ec2: 1024 SHA256:zhYz94jfvcb+dFjh9f5TGABYzIUNzH8M3py/BPnT1fg root@ubuntu-xenial (DSA)
<14>Apr 23 12:08:49 ec2: 256 SHA256:7RMfm482SsIdG0CdsoGnSvzOLFt20S3zSlxRlgYDTqY root@ubuntu-xenial (ECDSA)
<14>Apr 23 12:08:49 ec2: 256 SHA256:9kVNpBjwW38XA4/6lOWPvtS4mczcvcVutT+mduyjHKc root@ubuntu-xenial (ED25519)
<14>Apr 23 12:08:49 ec2: 2048 SHA256:aMomumDXUJk8cvNo6cEUt8SV5GRiyklR33aIzVzEpY8 root@ubuntu-xenial (RSA)
<14>Apr 23 12:08:49 ec2: -----END SSH HOST KEY FINGERPRINTS-----
<14>Apr 23 12:08:49 ec2: #############################################################
-----BEGIN SSH HOST KEY KEYS-----
ecdsa-sha2-nistp256 AAAAE2VjZHNhLXNoYTItbmlzdHAyNTYAAAAIbmlzdHAyNTYAAABBBNz+xEdnpimJn5RJq/0UBgzMZHG9m+A8oKSMu6262eRwvydg0APoTTw300/TWXMOze7XFv465+QOz7O61UbalKs= root@ubuntu-xenial
ssh-ed25519 AAAAC3NzaC1lZDI1NTE5AAAAIKTsLyE0NGj7dF40BbIu3q0NkWnFMSdf+MgY0lDnp7cY root@ubuntu-xenial
ssh-rsa AAAAB3NzaC1yc2EAAAADAQABAAABAQDFUjKum8O8UBqUpx7kvvTCHpDrQADuS8gEbj+qK1HSvQDt9u45toGKVkGSKSLLgIebbTs6xRShPTPgdtz6NIykY9Rf+jLlJMmsBYRN+dv/ZBN3EX9RvWxtsEo102pfy/wBiZwpDgkc7y4rZNnc1gOInbgC4DTCYCvuLeJTnspUcDEBHg2TAQwB/FmvAK9kNs6tlFyANWWlw62JaaUeNWonD5WbJgpeYHYNA604vSMN328Ko2u7Y+ibsdOZhL8CKHWl82Aa4ZON6pfQkxBK+Fj98y//wISBP2MgrWULWeL5M53U53W7YD4P+RDVJ9+jWrArdrseSczU3ivGhNMTXeO7 root@ubuntu-xenial
-----END SSH HOST KEY KEYS-----
[   36.982811] cloud-init[1628]: Cloud-init v. 19.4-33-gbb4131a2-0ubuntu1~16.04.1 running 'modules:final' at Thu, 23 Apr 2020 12:08:49 +0000. Up 36.69 seconds.
[   36.983479] cloud-init[1628]: ci-info: no authorized SSH keys fingerprints found for user ubuntu.
[   36.985793] cloud-init[1628]: Cloud-init v. 19.4-33-gbb4131a2-0ubuntu1~16.04.1 finished at Thu, 23 Apr 2020 12:08:49 +0000. Datasource DataSourceNoCloud [seed=/dev/sdb][dsmode=net].  Up 36.95 seconds
