[    0.000000] Initializing cgroup subsys cpuset
[    0.000000] Initializing cgroup subsys cpu
[    0.000000] Initializing cgroup subsys cpuacct
[    0.000000] Linux version 4.4.0-176-generic (buildd@lgw01-amd64-035) (gcc version 5.4.0 20160609 (Ubuntu 5.4.0-6ubuntu1~16.04.12) ) #206-Ubuntu SMP Fri Feb 28 05:02:04 UTC 2020 (Ubuntu 4.4.0-176.206-generic 4.4.211)
[    0.000000] Command line: BOOT_IMAGE=/boot/vmlinuz-4.4.0-176-generic root=LABEL=cloudimg-rootfs ro console=tty1 console=ttyS0
[    0.000000] KERNEL supported cpus:
[    0.000000]   Intel GenuineIntel
[    0.000000]   AMD AuthenticAMD
[    0.000000]   Centaur CentaurHauls
[    0.000000] x86/fpu: xstate_offset[2]:  576, xstate_sizes[2]:  256
[    0.000000] x86/fpu: Supporting XSAVE feature 0x01: 'x87 floating point registers'
[    0.000000] x86/fpu: Supporting XSAVE feature 0x02: 'SSE registers'
[    0.000000] x86/fpu: Supporting XSAVE feature 0x04: 'AVX registers'
[    0.000000] x86/fpu: Enabled xstate features 0x7, context size is 832 bytes, using 'standard' format.
[    0.000000] e820: BIOS-provided physical RAM map:
[    0.000000] BIOS-e820: [mem 0x0000000000000000-0x000000000009fbff] usable
[    0.000000] BIOS-e820: [mem 0x000000000009fc00-0x000000000009ffff] reserved
[    0.000000] BIOS-e820: [mem 0x00000000000f0000-0x00000000000fffff] reserved
[    0.000000] BIOS-e820: [mem 0x0000000000100000-0x000000003ffeffff] usable
[    0.000000] BIOS-e820: [mem 0x000000003fff0000-0x000000003fffffff] ACPI data
[    0.000000] BIOS-e820: [mem 0x00000000fec00000-0x00000000fec00fff] reserved
[    0.000000] BIOS-e820: [mem 0x00000000fee00000-0x00000000fee00fff] reserved
[    0.000000] BIOS-e820: [mem 0x00000000fffc0000-0x00000000ffffffff] reserved
[    0.000000] NX (Execute Disable) protection: active
[    0.000000] SMBIOS 2.5 present.
[    0.000000] Hypervisor detected: KVM
[    0.000000] e820: last_pfn = 0x3fff0 max_arch_pfn = 0x400000000
[    0.000000] MTRR: Disabled
[    0.000000] x86/PAT: MTRRs disabled, skipping PAT initialization too.
[    0.000000] CPU MTRRs all blank - virtualized system.
[    0.000000] x86/PAT: Configuration [0-7]: WB  WT  UC- UC  WB  WT  UC- UC  
[    0.000000] found SMP MP-table at [mem 0x0009fff0-0x0009ffff] mapped at [ffff88000009fff0]
[    0.000000] Scanning 1 areas for low memory corruption
[    0.000000] RAMDISK: [mem 0x362e0000-0x37167fff]
[    0.000000] ACPI: Early table checksum verification disabled
[    0.000000] ACPI: RSDP 0x00000000000E0000 000024 (v02 VBOX  )
[    0.000000] ACPI: XSDT 0x000000003FFF0030 00003C (v01 VBOX   VBOXXSDT 00000001 ASL  00000061)
[    0.000000] ACPI: FACP 0x000000003FFF00F0 0000F4 (v04 VBOX   VBOXFACP 00000001 ASL  00000061)
[    0.000000] ACPI: DSDT 0x000000003FFF0470 0022EA (v02 VBOX   VBOXBIOS 00000002 INTL 20100528)
[    0.000000] ACPI: FACS 0x000000003FFF0200 000040
[    0.000000] ACPI: FACS 0x000000003FFF0200 000040
[    0.000000] ACPI: APIC 0x000000003FFF0240 00005C (v02 VBOX   VBOXAPIC 00000001 ASL  00000061)
[    0.000000] ACPI: SSDT 0x000000003FFF02A0 0001CC (v01 VBOX   VBOXCPUT 00000002 INTL 20100528)
[    0.000000] No NUMA configuration found
[    0.000000] Faking a node at [mem 0x0000000000000000-0x000000003ffeffff]
[    0.000000] NODE_DATA(0) allocated [mem 0x3ffeb000-0x3ffeffff]
[    0.000000] kvm-clock: Using msrs 4b564d01 and 4b564d00
[    0.000000] kvm-clock: cpu 0, msr 0:3ffe3001, primary cpu clock
[    0.000000] kvm-clock: using sched offset of 8234716687 cycles
[    0.000000] clocksource: kvm-clock: mask: 0xffffffffffffffff max_cycles: 0x1cd42e4dffb, max_idle_ns: 881590591483 ns
[    0.000000] Zone ranges:
[    0.000000]   DMA      [mem 0x0000000000001000-0x0000000000ffffff]
[    0.000000]   DMA32    [mem 0x0000000001000000-0x000000003ffeffff]
[    0.000000]   Normal   empty
[    0.000000]   Device   empty
[    0.000000] Movable zone start for each node
[    0.000000] Early memory node ranges
[    0.000000]   node   0: [mem 0x0000000000001000-0x000000000009efff]
[    0.000000]   node   0: [mem 0x0000000000100000-0x000000003ffeffff]
[    0.000000] Initmem setup node 0 [mem 0x0000000000001000-0x000000003ffeffff]
[    0.000000] ACPI: PM-Timer IO Port: 0x4008
[    0.000000] IOAPIC[0]: apic_id 2, version 32, address 0xfec00000, GSI 0-23
[    0.000000] ACPI: INT_SRC_OVR (bus 0 bus_irq 0 global_irq 2 dfl dfl)
[    0.000000] ACPI: INT_SRC_OVR (bus 0 bus_irq 9 global_irq 9 low level)
[    0.000000] Using ACPI (MADT) for SMP configuration information
[    0.000000] smpboot: Allowing 2 CPUs, 0 hotplug CPUs
[    0.000000] PM: Registered nosave memory: [mem 0x00000000-0x00000fff]
[    0.000000] PM: Registered nosave memory: [mem 0x0009f000-0x0009ffff]
[    0.000000] PM: Registered nosave memory: [mem 0x000a0000-0x000effff]
[    0.000000] PM: Registered nosave memory: [mem 0x000f0000-0x000fffff]
[    0.000000] e820: [mem 0x40000000-0xfebfffff] available for PCI devices
[    0.000000] Booting paravirtualized kernel on KVM
[    0.000000] clocksource: refined-jiffies: mask: 0xffffffff max_cycles: 0xffffffff, max_idle_ns: 7645519600211568 ns
[    0.000000] setup_percpu: NR_CPUS:512 nr_cpumask_bits:512 nr_cpu_ids:2 nr_node_ids:1
[    0.000000] PERCPU: Embedded 33 pages/cpu @ffff88003fc00000 s95448 r8192 d31528 u1048576
[    0.000000] Built 1 zonelists in Node order, mobility grouping on.  Total pages: 257912
[    0.000000] Policy zone: DMA32
[    0.000000] Kernel command line: BOOT_IMAGE=/boot/vmlinuz-4.4.0-176-generic root=LABEL=cloudimg-rootfs ro console=tty1 console=ttyS0
[    0.000000] PID hash table entries: 4096 (order: 3, 32768 bytes)
[    0.000000] Memory: 997672K/1048120K available (8626K kernel code, 1336K rwdata, 4032K rodata, 1488K init, 1292K bss, 50448K reserved, 0K cma-reserved)
[    0.000000] SLUB: HWalign=64, Order=0-3, MinObjects=0, CPUs=2, Nodes=1
[    0.000000] Kernel/User page tables isolation: enabled
[    0.000000] Hierarchical RCU implementation.
[    0.000000] 	Build-time adjustment of leaf fanout to 64.
[    0.000000] 	RCU restricting CPUs from NR_CPUS=512 to nr_cpu_ids=2.
[    0.000000] RCU: Adjusting geometry for rcu_fanout_leaf=64, nr_cpu_ids=2
[    0.000000] NR_IRQS:33024 nr_irqs:440 16
[    0.000000] Console: colour VGA+ 80x25
[    0.000000] console [tty1] enabled
[    0.000000] console [ttyS0] enabled
[    0.000000] tsc: Detected 1600.000 MHz processor
[    0.305625] Calibrating delay loop (skipped) preset value.. 3200.00 BogoMIPS (lpj=6400000)
[    0.310997] pid_max: default: 32768 minimum: 301
[    0.313184] ACPI: Core revision 20150930
[    0.315998] ACPI: 2 ACPI AML tables successfully acquired and loaded
[    0.318718] Security Framework initialized
[    0.320931] Yama: becoming mindful.
[    0.323318] AppArmor: AppArmor initialized
[    0.325238] Dentry cache hash table entries: 131072 (order: 8, 1048576 bytes)
[    0.330870] Inode-cache hash table entries: 65536 (order: 7, 524288 bytes)
[    0.333478] Mount-cache hash table entries: 2048 (order: 2, 16384 bytes)
[    0.336063] Mountpoint-cache hash table entries: 2048 (order: 2, 16384 bytes)
[    0.338927] Initializing cgroup subsys io
[    0.340778] Initializing cgroup subsys memory
[    0.342669] Initializing cgroup subsys devices
[    0.344189] Initializing cgroup subsys freezer
[    0.346021] Initializing cgroup subsys net_cls
[    0.347807] Initializing cgroup subsys perf_event
[    0.349507] Initializing cgroup subsys net_prio
[    0.351334] Initializing cgroup subsys hugetlb
[    0.354078] Initializing cgroup subsys pids
[    0.357141] mce: CPU supports 0 MCE banks
[    0.358771] Last level iTLB entries: 4KB 64, 2MB 8, 4MB 8
[    0.360692] Last level dTLB entries: 4KB 64, 2MB 0, 4MB 0, 1GB 4
[    0.363230] Spectre V1 : Mitigation: usercopy/swapgs barriers and __user pointer sanitization
[    0.366291] Spectre V2 : Mitigation: Full generic retpoline
[    0.368061] Spectre V2 : Spectre v2 / SpectreRSB mitigation: Filling RSB on context switch
[    0.371036] Speculative Store Bypass: Vulnerable
[    0.372775] MDS: Mitigation: Clear CPU buffers
[    0.379198] Freeing SMP alternatives memory: 36K
[    0.388004] ftrace: allocating 32305 entries in 127 pages
[    0.462608] smpboot: APIC(0) Converting physical 0 to logical package 0
[    0.465076] smpboot: Max logical packages: 1
[    0.467003] x2apic enabled
[    0.468468] Switched APIC routing to physical x2apic.
[    0.471543] ..TIMER: vector=0x30 apic1=0 pin1=2 apic2=-1 pin2=-1
[    0.581818] smpboot: CPU0: Intel(R) Core(TM) i5-5250U CPU @ 1.60GHz (family: 0x6, model: 0x3d, stepping: 0x4)
[    0.585837] Performance Events: unsupported p6 CPU model 61 no PMU driver, software events only.
[    0.602115] KVM setup paravirtual spinlock
[    0.604544] x86: Booting SMP configuration:
[    0.606135] .... node  #0, CPUs:      #1
[    0.608249] kvm-clock: cpu 1, msr 0:3ffe3041, secondary cpu clock
[    0.611534] mce: CPU supports 0 MCE banks
[    0.615173] x86: Booted up 1 node, 2 CPUs
[    0.617001] smpboot: Total of 2 processors activated (6400.00 BogoMIPS)
[    0.619797] devtmpfs: initialized
[    0.623190] evm: security.selinux
[    0.624682] evm: security.SMACK64
[    0.625944] evm: security.SMACK64EXEC
[    0.627507] evm: security.SMACK64TRANSMUTE
[    0.628910] evm: security.SMACK64MMAP
[    0.630172] evm: security.ima
[    0.631336] evm: security.capability
[    0.633020] clocksource: jiffies: mask: 0xffffffff max_cycles: 0xffffffff, max_idle_ns: 7645041785100000 ns
[    0.636185] futex hash table entries: 512 (order: 3, 32768 bytes)
[    0.638359] pinctrl core: initialized pinctrl subsystem
[    0.640394] RTC time: 13:02:35, date: 04/23/20
[    0.642448] NET: Registered protocol family 16
[    0.654564] cpuidle: using governor ladder
[    0.667145] cpuidle: using governor menu
[    0.668926] PCCT header not found.
[    0.670266] ACPI: bus type PCI registered
[    0.671625] acpiphp: ACPI Hot Plug PCI Controller Driver version: 0.5
[    0.674281] PCI: Using configuration type 1 for base access
[    0.688174] ACPI: Added _OSI(Module Device)
[    0.690271] ACPI: Added _OSI(Processor Device)
[    0.691815] ACPI: Added _OSI(3.0 _SCP Extensions)
[    0.693331] ACPI: Added _OSI(Processor Aggregator Device)
[    0.696705] ACPI: Executed 1 blocks of module-level executable AML code
[    0.701677] ACPI: Interpreter enabled
[    0.703522] ACPI: (supports S0 S5)
[    0.705037] ACPI: Using IOAPIC for interrupt routing
[    0.707324] PCI: Using host bridge windows from ACPI; if necessary, use "pci=nocrs" and report a bug
[    0.717390] ACPI: PCI Root Bridge [PCI0] (domain 0000 [bus 00-ff])
[    0.746176] acpi PNP0A03:00: _OSC: OS supports [ASPM ClockPM Segments MSI]
[    0.752632] acpi PNP0A03:00: _OSC: not requesting OS control; OS requires [ExtendedConfig ASPM ClockPM MSI]
[    0.763797] acpi PNP0A03:00: fail to add MMCONFIG information, can't access extended PCI configuration space under this bridge.
[    0.772676] PCI host bridge to bus 0000:00
[    0.775457] pci_bus 0000:00: root bus resource [io  0x0000-0x0cf7 window]
[    0.778910] pci_bus 0000:00: root bus resource [io  0x0d00-0xffff window]
[    0.783963] pci_bus 0000:00: root bus resource [mem 0x000a0000-0x000bffff window]
[    0.792729] pci_bus 0000:00: root bus resource [mem 0x40000000-0xfdffffff window]
[    0.797787] pci_bus 0000:00: root bus resource [bus 00-ff]
[    0.805728] pci 0000:00:01.1: legacy IDE quirk: reg 0x10: [io  0x01f0-0x01f7]
[    0.811148] pci 0000:00:01.1: legacy IDE quirk: reg 0x14: [io  0x03f6]
[    0.815396] pci 0000:00:01.1: legacy IDE quirk: reg 0x18: [io  0x0170-0x0177]
[    0.820745] pci 0000:00:01.1: legacy IDE quirk: reg 0x1c: [io  0x0376]
[    0.864171] pci 0000:00:07.0: quirk: [io  0x4000-0x403f] claimed by PIIX4 ACPI
[    0.867550] pci 0000:00:07.0: quirk: [io  0x4100-0x410f] claimed by PIIX4 SMB
[    0.887768] ACPI: PCI Interrupt Link [LNKA] (IRQs 5 9 10 *11)
[    0.891036] ACPI: PCI Interrupt Link [LNKB] (IRQs 5 9 *10 11)
[    0.894011] ACPI: PCI Interrupt Link [LNKC] (IRQs 5 *9 10 11)
[    0.897025] ACPI: PCI Interrupt Link [LNKD] (IRQs 5 9 10 *11)
[    0.899711] ACPI: Enabled 2 GPEs in block 00 to 07
[    0.901845] vgaarb: setting as boot device: PCI:0000:00:02.0
[    0.903879] vgaarb: device added: PCI:0000:00:02.0,decodes=io+mem,owns=io+mem,locks=none
[    0.907556] vgaarb: loaded
[    0.908665] vgaarb: bridge control possible 0000:00:02.0
[    0.910893] SCSI subsystem initialized
[    0.912704] ACPI: bus type USB registered
[    0.914136] usbcore: registered new interface driver usbfs
[    0.915889] usbcore: registered new interface driver hub
[    0.917671] usbcore: registered new device driver usb
[    0.919968] PCI: Using ACPI for IRQ routing
[    0.922167] NetLabel: Initializing
[    0.924728] NetLabel:  domain hash size = 128
[    0.926319] NetLabel:  protocols = UNLABELED CIPSOv4
[    0.930277] NetLabel:  unlabeled traffic allowed by default
[    0.933011] amd_nb: Cannot enumerate AMD northbridges
[    0.935423] clocksource: Switched to clocksource kvm-clock
[    0.949906] AppArmor: AppArmor Filesystem Enabled
[    0.951861] pnp: PnP ACPI init
[    0.955329] pnp: PnP ACPI: found 3 devices
[    0.973575] clocksource: acpi_pm: mask: 0xffffff max_cycles: 0xffffff, max_idle_ns: 2085701024 ns
[    0.977409] NET: Registered protocol family 2
[    0.979197] TCP established hash table entries: 8192 (order: 4, 65536 bytes)
[    0.981765] TCP bind hash table entries: 8192 (order: 5, 131072 bytes)
[    0.983730] TCP: Hash tables configured (established 8192 bind 8192)
[    0.985927] UDP hash table entries: 512 (order: 2, 16384 bytes)
[    0.987720] UDP-Lite hash table entries: 512 (order: 2, 16384 bytes)
[    0.989914] NET: Registered protocol family 1
[    0.991738] pci 0000:00:00.0: Limiting direct PCI/PCI transfers
[    0.993973] pci 0000:00:01.0: Activating ISA DMA hang workarounds
[    0.996652] Unpacking initramfs...
[    1.372522] Freeing initrd memory: 14880K
[    1.375572] RAPL PMU detected, API unit is 2^-32 Joules, 4 fixed counters 10737418240 ms ovfl timer
[    1.378995] hw unit of domain pp0-core 2^-0 Joules
[    1.380785] hw unit of domain package 2^-0 Joules
[    1.382298] hw unit of domain dram 2^-0 Joules
[    1.383909] hw unit of domain pp1-gpu 2^-0 Joules
[    1.385682] clocksource: tsc: mask: 0xffffffffffffffff max_cycles: 0x171024fa93b, max_idle_ns: 440795253189 ns
[    1.388943] platform rtc_cmos: registered platform RTC device (no PNP device found)
[    1.391836] Scanning for low memory corruption every 60 seconds
[    1.394349] audit: initializing netlink subsys (disabled)
[    1.396253] audit: type=2000 audit(1587646965.506:1): initialized
[    1.398613] Initialise system trusted keyring
[    1.400509] HugeTLB registered 2 MB page size, pre-allocated 0 pages
[    1.403938] zbud: loaded
[    1.405399] VFS: Disk quotas dquot_6.6.0
[    1.406891] VFS: Dquot-cache hash table entries: 512 (order 0, 4096 bytes)
[    1.409837] squashfs: version 4.0 (2009/01/31) Phillip Lougher
[    1.412274] fuse init (API version 7.23)
[    1.414284] Key type big_key registered
[    1.415890] Allocating IMA MOK and blacklist keyrings.
[    1.419975] Key type asymmetric registered
[    1.421446] Asymmetric key parser 'x509' registered
[    1.423188] Block layer SCSI generic (bsg) driver version 0.4 loaded (major 249)
[    1.426053] io scheduler noop registered
[    1.427414] io scheduler deadline registered (default)
[    1.429155] io scheduler cfq registered
[    1.430627] pci_hotplug: PCI Hot Plug PCI Core version: 0.5
[    1.432700] pciehp: PCI Express Hot Plug Controller Driver version: 0.4
[    1.435752] ACPI: AC Adapter [AC] (on-line)
[    1.437364] input: Power Button as /devices/LNXSYSTM:00/LNXPWRBN:00/input/input0
[    1.439869] ACPI: Power Button [PWRF]
[    1.441879] input: Sleep Button as /devices/LNXSYSTM:00/LNXSLPBN:00/input/input1
[    1.444588] ACPI: Sleep Button [SLPF]
[    1.447642] GHES: HEST is not enabled!
[    1.448107] ACPI: Battery Slot [BAT0] (battery present)
[    1.451974] Serial: 8250/16550 driver, 32 ports, IRQ sharing enabled
[    1.476762] 00:02: ttyS0 at I/O 0x3f8 (irq = 4, base_baud = 115200) is a 16550A
[    1.485179] Linux agpgart interface v0.103
[    1.488930] loop: module loaded
[    1.491236] scsi host0: ata_piix
[    1.492701] scsi host1: ata_piix
[    1.494156] ata1: PATA max UDMA/33 cmd 0x1f0 ctl 0x3f6 bmdma 0xd000 irq 14
[    1.496397] ata2: PATA max UDMA/33 cmd 0x170 ctl 0x376 bmdma 0xd008 irq 15
[    1.499053] libphy: Fixed MDIO Bus: probed
[    1.501231] tun: Universal TUN/TAP device driver, 1.6
[    1.502809] tun: (C) 1999-2004 Max Krasnyansky <maxk@qualcomm.com>
[    1.504954] PPP generic driver version 2.4.2
[    1.506735] ehci_hcd: USB 2.0 'Enhanced' Host Controller (EHCI) Driver
[    1.510063] ehci-pci: EHCI PCI platform driver
[    1.511736] ehci-platform: EHCI generic platform driver
[    1.513666] ohci_hcd: USB 1.1 'Open' Host Controller (OHCI) Driver
[    1.515928] ohci-pci: OHCI PCI platform driver
[    1.517366] ohci-platform: OHCI generic platform driver
[    1.518989] uhci_hcd: USB Universal Host Controller Interface driver
[    1.521260] i8042: PNP: PS/2 Controller [PNP0303:PS2K,PNP0f03:PS2M] at 0x60,0x64 irq 1,12
[    1.524865] serio: i8042 KBD port at 0x60,0x64 irq 1
[    1.526413] serio: i8042 AUX port at 0x60,0x64 irq 12
[    1.528510] mousedev: PS/2 mouse device common for all mice
[    1.530787] input: AT Translated Set 2 keyboard as /devices/platform/i8042/serio0/input/input2
[    1.534903] rtc_cmos rtc_cmos: rtc core: registered rtc_cmos as rtc0
[    1.537283] rtc_cmos rtc_cmos: alarms up to one day, 114 bytes nvram
[    1.539402] i2c /dev entries driver
[    1.541538] device-mapper: uevent: version 1.0.3
[    1.543629] device-mapper: ioctl: 4.34.0-ioctl (2015-10-28) initialised: dm-devel@redhat.com
[    1.546934] ledtrig-cpu: registered to indicate activity on CPUs
[    1.550330] NET: Registered protocol family 10
[    1.552636] NET: Registered protocol family 17
[    1.554659] Key type dns_resolver registered
[    1.557451] registered taskstats version 1
[    1.558987] Loading compiled-in X.509 certificates
[    1.561294] Loaded X.509 cert 'Build time autogenerated kernel key: c2b7431ed9258328a3a0cf301f850647788d8e61'
[    1.565586] zswap: loaded using pool lzo/zbud
[    1.569457] Key type trusted registered
[    1.576273] Key type encrypted registered
[    1.577838] AppArmor: AppArmor sha1 policy hashing enabled
[    1.580171] ima: No TPM chip found, activating TPM-bypass!
[    1.582280] ima: Allocated hash algorithm: sha1
[    1.584213] evm: HMAC attrs: 0x1
[    1.586143]   Magic number: 0:57:29
[    1.587688] rtc_cmos rtc_cmos: setting system clock to 2020-04-23 13:02:36 UTC (1587646956)
[    1.590750] BIOS EDD facility v0.16 2004-Jun-25, 0 devices found
[    1.592848] EDD information not available.
[    1.657877] Freeing unused kernel memory: 1488K
[    1.659915] Write protecting the kernel read-only data: 14336k
[    1.662541] Freeing unused kernel memory: 1604K
[    1.664529] Freeing unused kernel memory: 64K
Loading, please wait...
starting version 229
[    1.685374] random: systemd-udevd: uninitialized urandom read (16 bytes read, 3 bits of entropy available)
[    1.685893] random: udevadm: uninitialized urandom read (16 bytes read, 3 bits of entropy available)
[    1.685917] random: udevadm: uninitialized urandom read (16 bytes read, 3 bits of entropy available)
[    1.697170] random: udevadm: uninitialized urandom read (16 bytes read, 3 bits of entropy available)
[    1.697221] random: udevadm: uninitialized urandom read (16 bytes read, 3 bits of entropy available)
[    1.697365] random: udevadm: uninitialized urandom read (16 bytes read, 3 bits of entropy available)
[    1.697561] random: udevadm: uninitialized urandom read (16 bytes read, 3 bits of entropy available)
[    1.697633] random: udevadm: uninitialized urandom read (16 bytes read, 3 bits of entropy available)
[    1.697688] random: udevadm: uninitialized urandom read (16 bytes read, 3 bits of entropy available)
[    1.697742] random: udevadm: uninitialized urandom read (16 bytes read, 3 bits of entropy available)
[    1.782836] Fusion MPT base driver 3.04.20
[    1.784635] Copyright (c) 1999-2008 LSI Corporation
[    1.786923] e1000: Intel(R) PRO/1000 Network Driver - version 7.3.21-k8-NAPI
[    1.791099] e1000: Copyright (c) 1999-2006 Intel Corporation.
[    1.819354] AVX2 version of gcm_enc/dec engaged.
[    1.821091] AES CTR mode by8 optimization enabled
[    1.827401] Fusion MPT SPI Host driver 3.04.20
[    2.010512] input: ImExPS/2 Generic Explorer Mouse as /devices/platform/i8042/serio1/input/input4
[    2.263984] e1000 0000:00:03.0 eth0: (PCI:33MHz:32-bit) 02:90:e9:96:cf:60
[    2.267142] e1000 0000:00:03.0 eth0: Intel(R) PRO/1000 Network Connection
[    2.270462] mptbase: ioc0: Initiating bringup
[    2.335890] ioc0: LSI53C1030 A0: Capabilities={Initiator}
[    2.500176] scsi host2: ioc0: LSI53C1030 A0, FwRev=00000000h, Ports=1, MaxQ=256, IRQ=20
[    2.617443] scsi 2:0:0:0: Direct-Access     VBOX     HARDDISK         1.0  PQ: 0 ANSI: 5
[    2.621088] scsi target2:0:0: Beginning Domain Validation
[    2.627655] scsi target2:0:0: Domain Validation skipping write tests
[    2.630125] scsi target2:0:0: Ending Domain Validation
[    2.632106] scsi target2:0:0: asynchronous
[    2.634484] scsi 2:0:1:0: Direct-Access     VBOX     HARDDISK         1.0  PQ: 0 ANSI: 5
[    2.651116] scsi target2:0:1: Beginning Domain Validation
[    2.655456] scsi target2:0:1: Domain Validation skipping write tests
[    2.658042] scsi target2:0:1: Ending Domain Validation
[    2.660157] scsi target2:0:1: asynchronous
[    2.680572] sd 2:0:0:0: Attached scsi generic sg0 type 0
[    2.683124] sd 2:0:0:0: [sda] 20971520 512-byte logical blocks: (10.7 GB/10.0 GiB)
[    2.686850] sd 2:0:1:0: Attached scsi generic sg1 type 0
[    2.689596] sd 2:0:0:0: [sda] Write Protect is off
[    2.692026] sd 2:0:1:0: [sdb] 20480 512-byte logical blocks: (10.5 MB/10.0 MiB)
[    2.695174] sd 2:0:0:0: [sda] Incomplete mode parameter data
[    2.697836] sd 2:0:0:0: [sda] Assuming drive cache: write through
[    2.700702] sd 2:0:1:0: [sdb] Write Protect is off
[    2.703590] sd 2:0:1:0: [sdb] Incomplete mode parameter data
[    2.705855] sd 2:0:1:0: [sdb] Assuming drive cache: write through
[    2.714568]  sda: sda1
[    2.717798] sd 2:0:0:0: [sda] Attached SCSI disk
[    2.720638] sd 2:0:1:0: [sdb] Attached SCSI disk
[    3.080120] e1000 0000:00:08.0 eth1: (PCI:33MHz:32-bit) 08:00:27:99:47:b8
[    3.082537] e1000 0000:00:08.0 eth1: Intel(R) PRO/1000 Network Connection
[    3.086048] e1000 0000:00:03.0 enp0s3: renamed from eth0
[    3.100024] e1000 0000:00:08.0 enp0s8: renamed from eth1
Begin: Loading essential drivers ... [    4.512249] md: linear personality registered for level -1
[    4.517636] md: multipath personality registered for level -4
[    4.523730] md: raid0 personality registered for level 0
[    4.531849] md: raid1 personality registered for level 1
[    4.603637] raid6: sse2x1   gen()  7583 MB/s
[    4.671549] raid6: sse2x1   xor()  5450 MB/s
[    4.739871] raid6: sse2x2   gen()  5041 MB/s
[    4.807747] raid6: sse2x2   xor()  3578 MB/s
[    4.875770] raid6: sse2x4   gen() 10785 MB/s
[    4.943893] raid6: sse2x4   xor()  6808 MB/s
[    5.011607] raid6: avx2x1   gen() 14630 MB/s
[    5.080288] raid6: avx2x2   gen() 17232 MB/s
[    5.147900] raid6: avx2x4   gen() 19551 MB/s
[    5.149467] raid6: using algorithm avx2x4 gen() 19551 MB/s
[    5.151522] raid6: using avx2x2 recovery algorithm
[    5.154600] xor: automatically using best checksumming function:
[    5.195683]    avx       : 20192.000 MB/sec
[    5.198747] async_tx: api initialized (async)
[    5.217725] md: raid6 personality registered for level 6
[    5.219664] md: raid5 personality registered for level 5
[    5.221594] md: raid4 personality registered for level 4
[    5.232956] md: raid10 personality registered for level 10
done.
Begin: Running /scripts/init-premount ... done.
Begin: Mounting root file system ... Begin: Running /scripts/local-top ... done.
Begin: Running /scripts/local-premount ... [    5.278046] Btrfs loaded
Scanning for Btrfs filesystems
done.
Warning: fsck not present, so skipping root file system
[    5.378338] EXT4-fs (sda1): mounted filesystem with ordered data mode. Opts: (null)
done.
Begin: Running /scripts/local-bottom ... done.
Begin: Running /scripts/init-bottom ... done.
[    5.844941] systemd[1]: systemd 229 running in system mode. (+PAM +AUDIT +SELINUX +IMA +APPARMOR +SMACK +SYSVINIT +UTMP +LIBCRYPTSETUP +GCRYPT +GNUTLS +ACL +XZ -LZ4 +SECCOMP +BLKID +ELFUTILS +KMOD -IDN)
[    5.856459] systemd[1]: Detected virtualization oracle.
[    5.863977] systemd[1]: Detected architecture x86-64.

Welcome to [1mUbuntu 16.04.6 LTS[0m!

[    5.889711] systemd[1]: Set hostname to <ubuntu>.
[    5.911311] systemd[1]: Initializing machine ID from random generator.
[    5.927427] systemd[1]: Installed transient /etc/machine-id file.
[    6.647678] systemd[1]: Listening on Journal Socket.
[[0;32m  OK  [0m] Listening on Journal Socket.
[    6.651504] systemd[1]: Listening on Journal Audit Socket.
[[0;32m  OK  [0m] Listening on Journal Audit Socket.
[    6.655386] systemd[1]: Started Forward Password Requests to Wall Directory Watch.
[[0;32m  OK  [0m] Started Forward Password Requests to Wall Directory Watch.
[    6.660550] systemd[1]: Listening on udev Kernel Socket.
[[0;32m  OK  [0m] Listening on udev Kernel Socket.
[    6.664949] systemd[1]: Created slice System Slice.
[[0;32m  OK  [0m] Created slice System Slice.
[    6.687713] systemd[1]: Starting Load Kernel Modules...
         Starting Load Kernel Modules...
[    6.693339] systemd[1]: Starting Uncomplicated firewall...
         Starting Uncomplicated firewall...
[    6.700756] systemd[1]: Created slice system-serial\x2dgetty.slice.
[[0;32m  OK  [0m] Created slice system-serial\x2dgetty.slice.
[    6.706990] systemd[1]: Starting Remount Root and Kernel File Systems...

   6.710496] Loading iSCSI transport class v2.0-870.
         Starting Remount Root and Kernel File Systems...
[    6.714438] systemd[1]: Listening on Syslog Socket.
[[0;32m  OK  [0m] Listening on Syslog Socket.
[    6.718475] systemd[1]: Listening on udev Control Socket.
[[0;32m  OK  [0m] Listening on udev Control Socket.
[    6.723764] systemd[1]: Listening on Journal Socket (/dev/log).
[[0;32m  OK  [0m] Listening on Journal Socket (/dev/log).
[    6.729286] systemd[1]: Starting Journal Service...
[    6.730037] EXT4-fs (sda1): re-mounted. Opts: (null)
[    6.733255] iscsi: registered transport (tcp)
         Starting Journal Service...
[    6.736508] systemd[1]: Started Trigger resolvconf update for networkd DNS.
[[0;32m  OK  [0m] Started Trigger resolvconf update for networkd DNS.
[    6.743075] systemd[1]: Set up automount Arbitrary Executable File Formats File System Automount Point.
[[0;32m  OK  [0m] Set up automount Arbitrary Executab...ats File System Automount Point.
[    6.751856] systemd[1]: Mounting POSIX Message Queue File System...
         Mounting POSIX Message Queue File System...
[    6.757895] systemd[1]: Mounting Huge Pages File System...
         Mounting Huge Pages File System...
[    6.763178] systemd[1]: Listening on Device-mapper event daemon FIFOs.
[[0;32m  OK  [0m] Listening on Device-mapper event daemon FIFOs.
[    6.770438] systemd[1]: Reached target System Time Synchronized.
[[0;32m  OK  [0m] Reached target System Time Synchronized.
[    6.779289] systemd[1]: Mounting Debug File System...
         Mounting Debug File System...
[    6.783509] systemd[1]: Listening on LVM2 metadata daemon socket.
[[0;32m  OK  [0m] Listening on LVM2 metadata daemon socket.
[    6.792163] systemd[1]: Starting Monitoring of LVM2 mirrors, snapshots etc. using dmeventd or progress polling...
         Starting Monitoring of LVM2 mirrors... dmeventd or progress polling...
[    6.800671] systemd[1]: Starting Set console keymap...
         Starting Set console keymap...
[    6.806736] systemd[1]: Reached target User and Group Name Lookups.
[[0;32m  OK  [0m] Reached target User and Group Name Lookups.
[    6.814223] systemd[1]: Starting Create list of required static device nodes for the current kernel...
         Starting Create list of required st... nodes for the current kernel...
[    6.828517] systemd[1]: Listening on /dev/initctl Compatibility Named Pipe.
[[0;32m  OK  [0m] Listening on /dev/initctl Compatibility Named Pipe.
[    6.838202] systemd[1]: Listening on LVM2 poll daemon socket.
[[0;32m  OK  [0m] Listening on LVM2 poll daemon socket.
[    6.843874] systemd[1]: Reached target Swap.
[[0;32m  OK  [0m] Reached target Swap.
[    6.867416] iscsi: registered transport (iser)
[    6.876170] systemd[1]: Starting Nameserver information manager...
         Starting Nameserver information manager...
[    6.880457] systemd[1]: Reached target Encrypted Volumes.
[[0;32m  OK  [0m] Reached target Encrypted Volumes.
[    6.887363] systemd[1]: Created slice User and Session Slice.
[[0;32m  OK  [0m] Created slice User and Session Slice.
[    6.891975] systemd[1]: Reached target Slices.
[[0;32m  OK  [0m] Reached target Slices.
[    6.897211] systemd[1]: Mounted POSIX Message Queue File System.
[[0;32m  OK  [0m] Mounted POSIX Message Queue File System.
[    6.901312] systemd[1]: Mounted Huge Pages File System.
[[0;32m  OK  [0m] Mounted Huge Pages File System.
[    6.905325] systemd[1]: Mounted Debug File System.
[[0;32m  OK  [0m] Mounted Debug File System.
[    6.909366] systemd[1]: Started Journal Service.
[[0;32m  OK  [0m] Started Journal Service.
[[0;32m  OK  [0m] Started Load Kernel Modules.
[[0;32m  OK  [0m] Started Uncomplicated firewall.
[[0;32m  OK  [0m] Started Remount Root and Kernel File Systems.
[[0;32m  OK  [0m] Started Set console keymap.
[[0;32m  OK  [0m] Started Create list of required sta...ce nodes for the current kernel.
[[0;32m  OK  [0m] Started LVM2 metadata daemon.
         Starting Create Static Device Nodes in /dev...
         Starting Load/Save Random Seed...
         Starting udev Coldplug all Devices...
         Starting Apply Kernel Variables...
         Mounting FUSE Control File System...
         Starting Flush Journal to Persistent Storage...
[[0;32m  OK  [0m] Mounted FUSE Control File System.
[[0;32m  OK  [0m] Started Nameserver information manager.
[[0;32m  OK  [0m] Started Load/Save Random Seed.
[    7.014348] systemd-journald[376]: Received request to flush runtime journal from PID 1
[[0;32m  OK  [0m] Started Apply Kernel Variables.
[[0;32m  OK  [0m] Started Flush Journal to Persistent Storage.
[[0;32m  OK  [0m] Started Create Static Device Nodes in /dev.
         Starting udev Kernel Device Manager...
[[0;32m  OK  [0m] Started Monitoring of LVM2 mirrors,...ng dmeventd or progress polling.
[[0;32m  OK  [0m] Reached target Local File Systems (Pre).
[[0;32m  OK  [0m] Reached target Local File Systems.
         Starting Create Volatile Files and Directories...
         Starting LSB: AppArmor initialization...
         Starting Set console font and keymap...
         Starting Tell Plymouth To Write Out Runtime Data...
         Starting Commit a transient machine-id on disk...
         Starting Initial cloud-init job (pre-networking)...
[[0;32m  OK  [0m] Started udev Coldplug all Devices.
[[0;32m  OK  [0m] Started Create Volatile Files and Directories.
         Starting Update UTMP about System Boot/Shutdown...
[[0;32m  OK  [0m] Started Tell Plymouth To Write Out Runtime Data.
[[0;32m  OK  [0m] Started Update UTMP about System Boot/Shutdown.
[[0;32m  OK  [0m] Started Commit a transient machine-id on disk.
[[0;32m  OK  [0m] Started udev Kernel Device Manager.
[[0;32m  OK  [0m] Started Dispatch Password Requests to Console Directory Watch.
[[0;32m  OK  [0m] Found device /dev/ttyS0.
[[0;32m  OK  [0m] Started Set console font and keymap.
[[0;32m  OK  [0m] Created slice system-getty.slice.
[[0;32m  OK  [0m] Listening on Load/Save RF Kill Switch Status /dev/rfkill Watch.
[[0;32m  OK  [0m] Started LSB: AppArmor initialization.
[    9.261645] cloud-init[479]: Cloud-init v. 19.4-33-gbb4131a2-0ubuntu1~16.04.1 running 'init-local' at Thu, 23 Apr 2020 13:02:43 +0000. Up 8.65 seconds.
[[0;32m  OK  [0m] Started Initial cloud-init job (pre-networking).
[[0;32m  OK  [0m] Reached target Network (Pre).
         Starting Raise network interfaces...
[[0;32m  OK  [0m] Started Raise network interfaces.
         Starting Initial cloud-init job (metadata service crawler)...
[[0;32m  OK  [0m] Reached target Network.
[   11.117212] cloud-init[960]: Cloud-init v. 19.4-33-gbb4131a2-0ubuntu1~16.04.1 running 'init' at Thu, 23 Apr 2020 13:02:45 +0000. Up 10.09 seconds.
[   11.121722] cloud-init[960]: ci-info: ++++++++++++++++++++++++++++++++++++++Net device info+++++++++++++++++++++++++++++++++++++++
[   11.125695] cloud-init[960]: ci-info: +--------+-------+----------------------------+---------------+--------+-------------------+
[   11.129625] cloud-init[960]: ci-info: | Device |   Up  |          Address           |      Mask     | Scope  |     Hw-Address    |
[   11.134802] cloud-init[960]: ci-info: +--------+-------+----------------------------+---------------+--------+-------------------+
[   11.139589] cloud-init[960]: ci-info: | enp0s3 |  True |         10.0.2.15          | 255.255.255.0 | global | 02:90:e9:96:cf:60 |
[   11.143417] cloud-init[960]: ci-info: | enp0s3 |  True | fe80::90:e9ff:fe96:cf60/64 |       .       |  link  | 02:90:e9:96:cf:60 |
[   11.147761] cloud-init[960]: ci-info: | enp0s8 | False |             .              |       .       |   .    | 08:00:27:99:47:b8 |
[   11.152840] cloud-init[960]: ci-info: |   lo   |  True |         127.0.0.1          |   255.0.0.0   |  host  |         .         |
[   11.156924] cloud-init[960]: ci-info: |   lo   |  True |          ::1/128           |       .       |  host  |         .         |
[   11.160834] cloud-init[960]: ci-info: +--------+-------+----------------------------+---------------+--------+-------------------+
[   11.165284] cloud-init[960]: ci-info: +++++++++++++++++++++++++++Route IPv4 info++++++++++++++++++++++++++++
[   11.168702] cloud-init[960]: ci-info: +-------+-------------+----------+---------------+-----------+-------+
[   11.171976] cloud-init[960]: ci-info: | Route | Destination | Gateway  |    Genmask    | Interface | Flags |
[   11.175823] cloud-init[960]: ci-info: +-------+-------------+----------+---------------+-----------+-------+
[   11.179245] cloud-init[960]: ci-info: |   0   |   0.0.0.0   | 10.0.2.2 |    0.0.0.0    |   enp0s3  |   UG  |
[   11.182476] [[0;32m  OK  [0m] Started Initial cloud-init job (metadata service crawler).
[[0;32m  OK  [0m] Reached target System Initialization.
cloud-init[960]: ci-info: |   1   |   10.0.2.0  | 0.0.0.0  | 255.255.255.0 |   enp0s3  |   U   |
[   11.190791] cloud-init         Starting LXD - unix socket.
[960]: ci-info: +-------+-------------+----------+---------------+-----------+-------+
[   11.194329] [[0;32m  OK  [0m] Started ACPI Events Check.
[[0;32m  OK  [0m] Reached target Paths.
[[0;32m  OK  [0m] Listening on D-Bus System Message Bus Socket.
         cloud-initStarting Socket activation for snappy daemon.
[[0;32m  OK  [0m] Listening on UUID daemon activation socket.
[[0;32m  OK  [0m] Started Daily apt download activities.
[[0;32m  OK  [0m] Started Daily apt upgrade and clean activities.
[[0;32m  OK  [0m] Listening on ACPID Listen Socket.
[[0;32m  OK  [0m] Started Daily Cleanup of Temporary Directories.
[960]: ci-info: +++++++++++++++++++Route IPv6 info+++++++++++++++++++[[0;32m  OK  [0m] Started Message of the Day.
[[0;32m  OK  [0m] Reached target Timers.
[[0;32m  OK  [0m] Reached target Network is Online.

[   11.216935] cloud-init[960]: ci-info: +-------+-------------+---------+-----------+-------+
[   11.219271] cloud-init[960]: ci-info: | Route | Destination | Gateway | Interface | Flags |
[   11.221502] cloud-init[960]: ci-info: +-------+-------------+---------+-----------+-------+
[   11.223940] cloud-init[960]: ci-info: |   0   |  fe80::/64  |    ::   |   enp0s3  |   U   |
[   11.225979] cloud-init[960]: ci-info: |   3   |   ff00::/8  |    ::   |   enp0s3  |   U   |
[   11.228451] cloud-init[960]: ci-info: +-------+-------------+---------+-----------+-------+
[   11.231426] cloud-init         Starting iSCSI initiator daemon (iscsid)...
[[0;32m  OK  [0m] Reached target Cloud-config availability.
[[0;32m  OK  [0m] Listening on LXD - unix socket.
[[0;32m  OK  [0m] Listening on Socket activation for snappy daemon.
[[0;32m  OK  [0m] Reached target Sockets.
[[960]: [0;32m  OK  [0mGenerating public/private rsa key pair.] 
Reached target Basic System.
[   11.242831] [[0;32m  OK  [0m] Started D-Bus System Message Bus.
cloud-init[960]: Your identification has been saved in /etc/ssh/ssh_host_rsa_key.
[   11.248886] cloud-init[960]: Your public key has been saved in /etc/ssh/ssh_host_rsa_key.pub.
[   11.252553] cloud-init[960]: The key fingerprint is:
[   11.256437] cloud-init[960]: SHA256:WNjmQau//KoSPUtqL1jDaUkn6C8BUQbbXAnsQXJsFf4 root@ubuntu-xenial
[   11.259432] cloud-init[960]: The key's randomart image is:
[   11.262024] cloud-init[960]: +---[RSA 2048]----+
[   11.264622] cloud-init[960]: |o**o+o  .        |
[   11.268567] cloud-init[960]: |.B=o.  + .       |
[   11.271949] cloud-init[960]: |.+oo. . *        |
[   11.275012] cloud-init[960]: |. o o..* .       |
[   11.276969] cloud-init[960]: | o o *E S        |
[   11.279349] cloud-init[960]: |  o O +.         |
[   11.288781] cloud-init[960]: |   * = o.        |
[   11.291306] cloud-init[960]: |  o * .. .       |
[   11.293467] cloud-init[960]: |   o +o.+o.      |
[   11.295107] cloud-init[960]: +----[SHA256]-----+
[   11.297946] cloud-init[960]: Generating public/private dsa key pair.
[   11.300664] cloud-init[960]: Your identification has been saved in /etc/ssh/ssh_host_dsa_key.
[   11.303891] cloud-init[960]: Your public key has been saved in /etc/ssh/ssh_host_dsa_key.pub.
[   11.307381] cloud-init[960]: The key fingerprint is:
[   11.309402] cloud-init[960]: SHA256:y/OjmJlZTfYkjQtSjupd/ryvl1YeGFrMEADDS3stWlg root@ubuntu-xenial
[   11.312493] cloud-init[960]: The key's randomart image is:
[   11.315401] cloud-init[960]: +---[DSA 1024]----+
[   11.317056] cloud-init[960]: |     .o.....     |
[   11.319162] cloud-init[960]: |      o.E .      |
[   11.321136] cloud-init[960]: |     . =.. +     |
[   11.323450] cloud-init[960]: |      +++ .o=    |
[   11.325863] cloud-init[960]: |      o+S.=ooo   |
[   11.327817] cloud-init[960]: |     ..o *.=. o  |
[   11.330870] cloud-init[960]: |    .   * o .+ . |
[   11.333112] cloud-init[960]: |   . . X +. + .  |
[   11.335017] cloud-init[960]: |    . B oo*B.    |
[   11.337357] cloud-init[960]: +----[SHA256]-----+
[   11.339227] cloud-init[960]: Generating public/private ecdsa key pair.
[   11.341853] cloud-init[960]: Your identification has been saved in /etc/ssh/ssh_host_ecdsa_key.
[   11.345524] cloud-init[960]: Your public key has been saved in /etc/ssh/ssh_host_ecdsa_key.pub.
[   11.348882] cloud-init[960]: The key fingerprint is:
[   11.351503] cloud-init[960]: SHA256:td7W6yLxhSe/6vTcepX8P04mcPz1iltf9ztMFykfvS0 root@ubuntu-xenial
[   11.355480] cloud-init[960]: The key's randomart image is:
[   11.357861] cloud-init[960]: +---[ECDSA 256]---+
[   11.360743] cloud-init[960]: |                 |
[   11.364480] cloud-init[960]: |                 |
[   11.366737] cloud-init[960]: |          .     o|
[   11.369359] cloud-init[960]: |         . ... +.|
[   11.371181] cloud-init[960]: |        S .. ++ B|
[   11.373979] cloud-init[960]: |         ...=.E**|
[   11.376775] cloud-init[960]: |          .o+*==B|
[   11.378988] cloud-init[960]: |          .oo==O*|
[   11.381669] cloud-init[960]: |           o==X*X|
[   11.384299] cloud-init[960]: +----[SHA256]-----+
[   11.386592] cloud-init[960]: Generating public/private ed25519 key pair.
[   11.390712] cloud-init[960]: Your identification has been saved in /etc/ssh/ssh_host_ed25519_key.
[   11.395827] cloud-init[960]: Your public key has been saved in /etc/ssh/ssh_host_ed25519_key.pub.
[   11.399953] cloud-init[960]: The key fingerprint is:
[   11.402896] cloud-init[960]: SHA256:0Jd1SfgrzqpqfndcLLlioK3FSUm7iTPjzUkFy/2JYNY root@ubuntu-xenial
[[0;32m  OK  [0m] Started Regular background program processing daemon.
[   11.419968] cloud-init[960]: The key's randomart image is:
[   11.429460] cloud-init[960]: +--[ED25519 256]--+
         Starting LSB: Record successful boot for GRUB...
[   11.437589]          Starting LXD - container startup/shutdown...
cloud-init[960]: |            .oo. |
[   11.449304]          Starting /etc/rc.local Compatibility...
[[0;32m  OK  [0m] Started Deferred execution scheduler.
cloud-init[960]:          Starting LSB: MD monitoring daemon...
         Starting Login Service...
|       .   o...  |
[[0;32m  OK  [0m] Started ACPI event daemon.
         Starting Pollinate to seed the pseudo random number generator...
         Starting Accounts Service...
[   11.497348] cloud-init[960]: |      . + o  .   |
         Starting Snappy daemon...
[   11.538724] cloud-init[960]: |       + O    .  |
[   11.546397] cloud-init[960]: |        S E  o . |
[   11.548446] cloud-init[960]: |       *.* o+.+  |
[   11.552564] cloud-init[960]: |      =oB..+o=   |
[   11.557786] cloud-init[960]: |     .oOo.+ *    |
[[0;32m  OK  [0m] [   11.561133] cloud-init[960]: |     o=+=+.+     |
[   11.562813] Started FUSE filesystem for LXC.cloud-init
[960]: +----[SHA256]-----+
         Starting System Logging Service...
         Starting Virtualbox guest utils...
[[0;32m  OK  [0m] Started /etc/rc.local Compatibility.
[[0;32m  OK  [0m] Started Login Service.
[[0;32m  OK  [0m] Started Unattended Upgrades Shutdown.
[[0;32m  OK  [0m] Started iSCSI initiator daemon (iscsid).
         Starting Login to default iSCSI targets...
[[0;32m  OK  [0m] Started System Logging Service.
[[0;32m  OK  [0m] Started LSB: MD monitoring daemon.
[[0;32m  OK  [0m] Started Login to default iSCSI targets.
[[0;32m  OK  [0m] Reached target Remote File Systems (Pre).
[[0;32m  OK  [0m] Reached target Remote File Systems.
         Starting Permit User Sessions...
         Starting LSB: Set the CPU Frequency Scaling governor to "ondemand"...
         Starting LSB: daemon to balance interrupts for SMP systems...
         Starting LSB: automatic crash report generation...
[[0;32m  OK  [0m] Started LSB: Record successful boot for GRUB.
[[0;32m  OK  [0m] Started Permit User Sessions.
         Starting Hold until boot process finishes up...
         Starting Terminate Plymouth Boot Screen...
[[0;32m  OK  [0m] Started Hold until boot process finishes up.
[[0;32m  OK  [0m] Started Serial Getty on ttyS0.
         Starting Set console scheme...
[[0;32m  OK  [0m] Started Getty on tty1.
[[0;32m  OK  [0m] Reached target Login Prompts.
[[0;32m  OK  [0m] Started Terminate Plymouth Boot Screen.
[[0;32m  OK  [0m] Started Set console scheme.
         Starting Authenticate and Authorize Users to Run Privileged Tasks...
[[0;32m  OK  [0m] Started LSB: Set the CPU Frequency Scaling governor to "ondemand".
[[0;32m  OK  [0m] Started LSB: daemon to balance interrupts for SMP systems.
[[0;32m  OK  [0m] Started LSB: automatic crash report generation.
[[0;32m  OK  [0m] Started Virtualbox guest utils.
[[0;32m  OK  [0m] Started Authenticate and Authorize Users to Run Privileged Tasks.
[[0;32m  OK  [0m] Started Accounts Service.
[[0;32m  OK  [0m] Started LXD - container startup/shutdown.
[[0;32m  OK  [0m] Started Snappy daemon.
         Starting Wait until snapd is fully seeded...
[[0;32m  OK  [0m] Started Pollinate to seed the pseudo random number generator.
         Starting OpenBSD Secure Shell server...
[[0;32m  OK  [0m] Started OpenBSD Secure Shell server.
[[0;32m  OK  [0m] Started Wait until snapd is fully seeded.
[[0;32m  OK  [0m] Reached target Multi-User System.
[[0;32m  OK  [0m] Reached target Graphical Interface.
         Starting Update UTMP about System Runlevel Changes...
         Starting Apply the settings specified in cloud-config...
[[0;32m  OK  [0m] Started Update UTMP about System Runlevel Changes.
[   14.377985] cloud-init[1323]: Generating locales (this might take a while)...
[[0;32m  OK  [0m] Created slice User Slice of vagrant.
         Starting User Manager for UID 1000...
[[0;32m  OK  [0m] Started Session 1 of user vagrant.
[[0;32m  OK  [0m] Started User Manager for UID 1000.
[   15.895732] cloud-init[1323]:   en_US.UTF-8... done
[   15.899390] cloud-init[1323]: Generation complete.
[   16.846418] cloud-init[1323]: Cloud-init v. 19.4-33-gbb4131a2-0ubuntu1~16.04.1 running 'modules:config' at Thu, 23 Apr 2020 13:02:49 +0000. Up 14.24 seconds.

Ubuntu 16.04.6 LTS ubuntu-xenial ttyS0

ubuntu-xenial login: ci-info: no authorized SSH keys fingerprints found for user ubuntu.
<14>Apr 23 13:02:53 ec2: 
<14>Apr 23 13:02:53 ec2: #############################################################
<14>Apr 23 13:02:53 ec2: -----BEGIN SSH HOST KEY FINGERPRINTS-----
<14>Apr 23 13:02:53 ec2: 1024 SHA256:y/OjmJlZTfYkjQtSjupd/ryvl1YeGFrMEADDS3stWlg root@ubuntu-xenial (DSA)
<14>Apr 23 13:02:53 ec2: 256 SHA256:td7W6yLxhSe/6vTcepX8P04mcPz1iltf9ztMFykfvS0 root@ubuntu-xenial (ECDSA)
<14>Apr 23 13:02:53 ec2: 256 SHA256:0Jd1SfgrzqpqfndcLLlioK3FSUm7iTPjzUkFy/2JYNY root@ubuntu-xenial (ED25519)
<14>Apr 23 13:02:53 ec2: 2048 SHA256:WNjmQau//KoSPUtqL1jDaUkn6C8BUQbbXAnsQXJsFf4 root@ubuntu-xenial (RSA)
<14>Apr 23 13:02:53 ec2: -----END SSH HOST KEY FINGERPRINTS-----
<14>Apr 23 13:02:53 ec2: #############################################################
-----BEGIN SSH HOST KEY KEYS-----
ecdsa-sha2-nistp256 AAAAE2VjZHNhLXNoYTItbmlzdHAyNTYAAAAIbmlzdHAyNTYAAABBBPkl1KKj11xrAY53SADqSlYUXAYf79AvZrIxDM8KQIS5VneXMZhoyimodvmjuP/FpceFDzNDi7h35dpyQhh+3Bk= root@ubuntu-xenial
ssh-ed25519 AAAAC3NzaC1lZDI1NTE5AAAAICaaJ8NPOc2DahuCRm+/nmGgwGoVana5ovD0HERjJu3J root@ubuntu-xenial
ssh-rsa AAAAB3NzaC1yc2EAAAADAQABAAABAQCpuKplaDulKm1t3QnvF38NiKtzG88H7Aq2pVlfPXXIRE2UvtdY+nl2VGKNWSLoVybFkGqngBdCxPjiy7RehtkjrHZmZrvK3bXylGEfJdOQbMU8YFeIdFB9qLbpLEa8MAuTb/eKV75ukIGCZvcIorhY3MC4NAJBYpYVk5x2d8vijJKLMprknWIR1gZizlTddliNFrprelqA+dCQI4H686KTxCK4/1yacGH/p/3w4fBvzKruP99khnJEAi3BbtYESRBZf7hEHMhd5mA0ie6xO9miuQOfhQqTXY+cw7kVxQIlXjRUMugzkxWG3TG0XYIZzZ+/aLt+h06p77zl8aS0Y9Rl root@ubuntu-xenial
-----END SSH HOST KEY KEYS-----
[   18.192346] cloud-init[1520]: Cloud-init v. 19.4-33-gbb4131a2-0ubuntu1~16.04.1 running 'modules:final' at Thu, 23 Apr 2020 13:02:53 +0000. Up 17.75 seconds.
[   18.200607] cloud-init[1520]: ci-info: no authorized SSH keys fingerprints found for user ubuntu.
[   18.212242] cloud-init[1520]: Cloud-init v. 19.4-33-gbb4131a2-0ubuntu1~16.04.1 finished at Thu, 23 Apr 2020 13:02:53 +0000. Datasource DataSourceNoCloud [seed=/dev/sdb][dsmode=net].  Up 18.14 seconds
